2026-07-27 17:51:38,191 | ERROR | error occur
Traceback (most recent call last):
  File "/home/john-p-singbah/Documents/blog_api/src/routers/auths.py", line 249, in confirm_opt_code
    if code.expires_at < now:
       ^^^^^^^^^^^^^^^^^^^^^
TypeError: can't compare offset-naive and offset-aware datetimes
2026-07-27 17:53:43,581 | ERROR | error occur
Traceback (most recent call last):
  File "/home/john-p-singbah/Documents/blog_api/src/routers/auths.py", line 249, in confirm_opt_code
    if code.expires_at and code.expires_at < now:
                           ^^^^^^^^^^^^^^^^^^^^^
TypeError: can't compare offset-naive and offset-aware datetimes
2026-07-27 17:55:33,527 | WARNING | User singbahjohn@gmail.com retry used OTP| IP 127.0.0.1
2026-07-27 17:55:33,530 | ERROR | error occur
Traceback (most recent call last):
  File "/home/john-p-singbah/Documents/blog_api/src/routers/auths.py", line 255, in confirm_opt_code
    raise HTTPException(status_code=status.HTTP_409_CONFLICT, detail="Token already used")
fastapi.exceptions.HTTPException: 409: Token already used
2026-07-27 17:58:44,406 | ERROR | error occur
Traceback (most recent call last):
  File "/home/john-p-singbah/Documents/blog_api/src/routers/auths.py", line 249, in confirm_opt_code
    if code.expires_at and code.expires_at < now:
                           ^^^^^^^^^^^^^^^^^^^^^
TypeError: can't compare offset-naive and offset-aware datetimes
2026-07-27 17:58:47,779 | ERROR | error occur
Traceback (most recent call last):
  File "/home/john-p-singbah/Documents/blog_api/src/routers/auths.py", line 249, in confirm_opt_code
    if code.expires_at and code.expires_at < now:
                           ^^^^^^^^^^^^^^^^^^^^^
TypeError: can't compare offset-naive and offset-aware datetimes
2026-07-27 17:59:28,703 | ERROR | error occur
Traceback (most recent call last):
  File "/home/john-p-singbah/Documents/blog_api/src/routers/auths.py", line 249, in confirm_opt_code
    if code.expires_at and code.expires_at < now:
                           ^^^^^^^^^^^^^^^^^^^^^
TypeError: can't compare offset-naive and offset-aware datetimes
2026-07-27 18:00:10,735 | ERROR | error occur
Traceback (most recent call last):
  File "/home/john-p-singbah/Documents/blog_api/src/routers/auths.py", line 249, in confirm_opt_code
    if code.expires_at and code.expires_at <= now:
                           ^^^^^^^^^^^^^^^^^^^^^^
TypeError: can't compare offset-naive and offset-aware datetimes
2026-07-27 18:00:15,975 | ERROR | error occur
Traceback (most recent call last):
  File "/home/john-p-singbah/Documents/blog_api/src/routers/auths.py", line 249, in confirm_opt_code
    if code.expires_at and code.expires_at <= now:
                           ^^^^^^^^^^^^^^^^^^^^^^
TypeError: can't compare offset-naive and offset-aware datetimes
2026-07-27 18:02:52,080 | WARNING | User singbahjohn@gmail.com retry used OTP| IP 127.0.0.1
2026-07-27 18:02:52,083 | ERROR | error occur
Traceback (most recent call last):
  File "/home/john-p-singbah/Documents/blog_api/src/routers/auths.py", line 256, in confirm_opt_code
    raise HTTPException(status_code=status.HTTP_409_CONFLICT, detail="Token already used")
fastapi.exceptions.HTTPException: 409: Token already used
2026-07-27 18:08:39,576 | WARNING | Incorrect code
2026-07-27 18:08:39,579 | ERROR | error occur
Traceback (most recent call last):
  File "/home/john-p-singbah/Documents/blog_api/src/routers/auths.py", line 247, in confirm_opt_code
    raise HTTPException(status_code=404, detail="OTP not found")
fastapi.exceptions.HTTPException: 404: OTP not found
2026-07-27 18:09:01,481 | WARNING | user singbahjohn@gmail.com retry expried OTP IP 127.0.0.1
2026-07-27 18:09:01,483 | ERROR | error occur
Traceback (most recent call last):
  File "/home/john-p-singbah/Documents/blog_api/src/routers/auths.py", line 251, in confirm_opt_code
    raise HTTPException(status_code=status.HTTP_408_REQUEST_TIMEOUT, detail="OTP EXPIRED, REQUEST NEW ONE.")
fastapi.exceptions.HTTPException: 408: OTP EXPIRED, REQUEST NEW ONE.
2026-07-27 18:13:52,369 | WARNING | Incorrect code
2026-07-27 18:13:52,371 | ERROR | error occur
Traceback (most recent call last):
  File "/home/john-p-singbah/Documents/blog_api/src/routers/auths.py", line 247, in confirm_opt_code
    raise HTTPException(status_code=404, detail="OTP not found")
fastapi.exceptions.HTTPException: 404: OTP not found
2026-07-27 18:14:06,405 | WARNING | Incorrect code
2026-07-27 18:14:06,407 | ERROR | error occur
Traceback (most recent call last):
  File "/home/john-p-singbah/Documents/blog_api/src/routers/auths.py", line 247, in confirm_opt_code
    raise HTTPException(status_code=404, detail="OTP not found")
fastapi.exceptions.HTTPException: 404: OTP not found
2026-07-27 18:19:09,621 | WARNING | Incorrect code
2026-07-27 18:19:09,623 | ERROR | error occur
Traceback (most recent call last):
  File "/home/john-p-singbah/Documents/blog_api/src/routers/auths.py", line 249, in confirm_opt_code
    raise HTTPException(status_code=404, detail="OTP not found")
fastapi.exceptions.HTTPException: 404: OTP not found
2026-07-27 18:20:04,576 | WARNING | Incorrect code
2026-07-27 18:20:04,581 | ERROR | error occur
Traceback (most recent call last):
  File "/home/john-p-singbah/Documents/blog_api/src/routers/auths.py", line 249, in confirm_opt_code
    raise HTTPException(status_code=404, detail="OTP not found")
fastapi.exceptions.HTTPException: 404: OTP not found
2026-07-27 18:20:11,617 | WARNING | Incorrect code
2026-07-27 18:20:11,620 | ERROR | error occur
Traceback (most recent call last):
  File "/home/john-p-singbah/Documents/blog_api/src/routers/auths.py", line 249, in confirm_opt_code
    raise HTTPException(status_code=404, detail="OTP not found")
fastapi.exceptions.HTTPException: 404: OTP not found
2026-07-27 18:20:21,789 | WARNING | Incorrect code
2026-07-27 18:20:21,792 | ERROR | error occur
Traceback (most recent call last):
  File "/home/john-p-singbah/Documents/blog_api/src/routers/auths.py", line 249, in confirm_opt_code
    raise HTTPException(status_code=404, detail="OTP not found")
fastapi.exceptions.HTTPException: 404: OTP not found
2026-07-27 18:20:34,767 | WARNING | Incorrect code
2026-07-27 18:20:34,769 | ERROR | error occur
Traceback (most recent call last):
  File "/home/john-p-singbah/Documents/blog_api/src/routers/auths.py", line 249, in confirm_opt_code
    raise HTTPException(status_code=404, detail="OTP not found")
fastapi.exceptions.HTTPException: 404: OTP not found
2026-07-27 18:21:00,427 | WARNING | Incorrect code
2026-07-27 18:21:00,430 | ERROR | error occur
Traceback (most recent call last):
  File "/home/john-p-singbah/Documents/blog_api/src/routers/auths.py", line 249, in confirm_opt_code
    raise HTTPException(status_code=404, detail="OTP not found")
fastapi.exceptions.HTTPException: 404: OTP not found
2026-07-27 18:21:21,168 | WARNING | user singbahjohn@gmail.com retry expried OTP IP 127.0.0.1
2026-07-27 18:21:21,171 | ERROR | error occur
Traceback (most recent call last):
  File "/home/john-p-singbah/Documents/blog_api/src/routers/auths.py", line 253, in confirm_opt_code
    raise HTTPException(status_code=status.HTTP_408_REQUEST_TIMEOUT, detail="OTP EXPIRED, REQUEST NEW ONE.")
fastapi.exceptions.HTTPException: 408: OTP EXPIRED, REQUEST NEW ONE.
2026-07-27 18:29:47,419 | WARNING | user singbahjohn@gmail.com retry expried OTP IP 127.0.0.1
2026-07-27 18:29:47,422 | ERROR | error occur
Traceback (most recent call last):
  File "/home/john-p-singbah/Documents/blog_api/src/routers/auths.py", line 253, in confirm_opt_code
    raise HTTPException(status_code=status.HTTP_408_REQUEST_TIMEOUT, detail="OTP EXPIRED, REQUEST NEW ONE.")
fastapi.exceptions.HTTPException: 408: OTP EXPIRED, REQUEST NEW ONE.
2026-07-27 18:29:57,455 | WARNING | user singbahjohn@gmail.com retry expried OTP IP 127.0.0.1
2026-07-27 18:29:57,458 | ERROR | error occur
Traceback (most recent call last):
  File "/home/john-p-singbah/Documents/blog_api/src/routers/auths.py", line 253, in confirm_opt_code
    raise HTTPException(status_code=status.HTTP_408_REQUEST_TIMEOUT, detail="OTP EXPIRED, REQUEST NEW ONE.")
fastapi.exceptions.HTTPException: 408: OTP EXPIRED, REQUEST NEW ONE.
2026-07-27 20:33:47,632 | WARNING | No token No access
2026-07-27 20:33:47,633 | ERROR | error occur
Traceback (most recent call last):
  File "/home/john-p-singbah/Documents/blog_api/src/routers/auths.py", line 324, in password_reset
    raise HTTPException(status_code=401, detail="An error occur")
fastapi.exceptions.HTTPException: 401: An error occur
2026-07-27 20:34:52,576 | WARNING | No token No access
2026-07-27 20:34:52,576 | ERROR | error occur
Traceback (most recent call last):
  File "/home/john-p-singbah/Documents/blog_api/src/routers/auths.py", line 324, in password_reset
    raise HTTPException(status_code=401, detail="An error occur")
fastapi.exceptions.HTTPException: 401: An error occur
2026-07-27 20:36:35,150 | WARNING | No token No access
2026-07-27 20:36:35,150 | ERROR | error occur
Traceback (most recent call last):
  File "/home/john-p-singbah/Documents/blog_api/src/routers/auths.py", line 324, in password_reset
    raise HTTPException(status_code=401, detail="An error occur")
fastapi.exceptions.HTTPException: 401: An error occur
2026-07-27 20:41:47,778 | INFO | vonder singbahjohn@gmail.com logged in from 127.0.0.1
2026-07-27 20:42:51,072 | INFO | vonder singbahjohn@gmail.com logged in from 127.0.0.1
2026-07-27 20:43:19,459 | WARNING | This account is log for 86101
2026-07-27 20:43:28,258 | WARNING | This account is log for 86110
2026-07-27 20:43:31,167 | WARNING | This account is log for 86113
2026-07-27 20:43:32,506 | WARNING | This account is log for 86114
2026-07-27 20:43:32,723 | WARNING | This account is log for 86114
2026-07-27 20:43:33,182 | WARNING | This account is log for 86115
2026-07-27 20:43:33,453 | WARNING | This account is log for 86115
2026-07-27 20:44:32,059 | INFO | vonder singbahjohn@gmail.com logged in from 127.0.0.1
2026-07-27 23:44:51,492 | ERROR | Fail to post
Traceback (most recent call last):
  File "/home/john-p-singbah/Documents/blog_api/src/routers/services/products.py", line 71, in upload_product
    r2_file_upload = upload_to_r2(photo, 'posts')
                     ^^^^^^^^^^^^
NameError: name 'upload_to_r2' is not defined
2026-07-27 23:44:55,939 | ERROR | Fail to post
Traceback (most recent call last):
  File "/home/john-p-singbah/Documents/blog_api/src/routers/services/products.py", line 71, in upload_product
    r2_file_upload = upload_to_r2(photo, 'posts')
                     ^^^^^^^^^^^^
NameError: name 'upload_to_r2' is not defined
2026-07-27 23:50:38,907 | ERROR | Fail to post
Traceback (most recent call last):
  File "/home/john-p-singbah/Documents/blog_api/src/routers/services/products.py", line 71, in upload_product
    r2_file_upload = upload_to_r2(photo, 'posts')
                     ^^^^^^^^^^^^
NameError: name 'upload_to_r2' is not defined
2026-07-28 01:54:26,733 | ERROR | Token has expired
Traceback (most recent call last):
  File "/home/john-p-singbah/Documents/blog_api/config/__init__.py", line 60, in decode_token
    payload = jwt.decode(token, key=APP_KEY, algorithms=ALGORITHM)
  File "/home/john-p-singbah/Documents/blog_api/.blog/lib/python3.14/site-packages/jose/jwt.py", line 174, in decode
    _validate_claims(
    ~~~~~~~~~~~~~~~~^
        claims,
        ^^^^^^^
    ...<5 lines>...
        options=defaults,
        ^^^^^^^^^^^^^^^^^
    )
    ^
  File "/home/john-p-singbah/Documents/blog_api/.blog/lib/python3.14/site-packages/jose/jwt.py", line 497, in _validate_claims
    _validate_exp(claims, leeway=leeway)
    ~~~~~~~~~~~~~^^^^^^^^^^^^^^^^^^^^^^^
  File "/home/john-p-singbah/Documents/blog_api/.blog/lib/python3.14/site-packages/jose/jwt.py", line 331, in _validate_exp
    raise ExpiredSignatureError("Signature has expired.")
jose.exceptions.ExpiredSignatureError: Signature has expired.
2026-07-28 01:54:26,740 | ERROR | error occur
Traceback (most recent call last):
  File "/home/john-p-singbah/Documents/blog_api/config/__init__.py", line 60, in decode_token
    payload = jwt.decode(token, key=APP_KEY, algorithms=ALGORITHM)
  File "/home/john-p-singbah/Documents/blog_api/.blog/lib/python3.14/site-packages/jose/jwt.py", line 174, in decode
    _validate_claims(
    ~~~~~~~~~~~~~~~~^
        claims,
        ^^^^^^^
    ...<5 lines>...
        options=defaults,
        ^^^^^^^^^^^^^^^^^
    )
    ^
  File "/home/john-p-singbah/Documents/blog_api/.blog/lib/python3.14/site-packages/jose/jwt.py", line 497, in _validate_claims
    _validate_exp(claims, leeway=leeway)
    ~~~~~~~~~~~~~^^^^^^^^^^^^^^^^^^^^^^^
  File "/home/john-p-singbah/Documents/blog_api/.blog/lib/python3.14/site-packages/jose/jwt.py", line 331, in _validate_exp
    raise ExpiredSignatureError("Signature has expired.")
jose.exceptions.ExpiredSignatureError: Signature has expired.

During handling of the above exception, another exception occurred:

Traceback (most recent call last):
  File "/home/john-p-singbah/Documents/blog_api/src/routers/users/user.py", line 162, in get_user
    payload = decode_token(token)
  File "/home/john-p-singbah/Documents/blog_api/config/__init__.py", line 64, in decode_token
    raise HTTPException(
    ...<2 lines>...
    )
fastapi.exceptions.HTTPException: 401: Token has expired
2026-07-28 01:54:26,751 | ERROR | Token has expired
Traceback (most recent call last):
  File "/home/john-p-singbah/Documents/blog_api/config/__init__.py", line 60, in decode_token
    payload = jwt.decode(token, key=APP_KEY, algorithms=ALGORITHM)
  File "/home/john-p-singbah/Documents/blog_api/.blog/lib/python3.14/site-packages/jose/jwt.py", line 174, in decode
    _validate_claims(
    ~~~~~~~~~~~~~~~~^
        claims,
        ^^^^^^^
    ...<5 lines>...
        options=defaults,
        ^^^^^^^^^^^^^^^^^
    )
    ^
  File "/home/john-p-singbah/Documents/blog_api/.blog/lib/python3.14/site-packages/jose/jwt.py", line 497, in _validate_claims
    _validate_exp(claims, leeway=leeway)
    ~~~~~~~~~~~~~^^^^^^^^^^^^^^^^^^^^^^^
  File "/home/john-p-singbah/Documents/blog_api/.blog/lib/python3.14/site-packages/jose/jwt.py", line 331, in _validate_exp
    raise ExpiredSignatureError("Signature has expired.")
jose.exceptions.ExpiredSignatureError: Signature has expired.
2026-07-28 01:54:26,755 | ERROR | error occur
Traceback (most recent call last):
  File "/home/john-p-singbah/Documents/blog_api/config/__init__.py", line 60, in decode_token
    payload = jwt.decode(token, key=APP_KEY, algorithms=ALGORITHM)
  File "/home/john-p-singbah/Documents/blog_api/.blog/lib/python3.14/site-packages/jose/jwt.py", line 174, in decode
    _validate_claims(
    ~~~~~~~~~~~~~~~~^
        claims,
        ^^^^^^^
    ...<5 lines>...
        options=defaults,
        ^^^^^^^^^^^^^^^^^
    )
    ^
  File "/home/john-p-singbah/Documents/blog_api/.blog/lib/python3.14/site-packages/jose/jwt.py", line 497, in _validate_claims
    _validate_exp(claims, leeway=leeway)
    ~~~~~~~~~~~~~^^^^^^^^^^^^^^^^^^^^^^^
  File "/home/john-p-singbah/Documents/blog_api/.blog/lib/python3.14/site-packages/jose/jwt.py", line 331, in _validate_exp
    raise ExpiredSignatureError("Signature has expired.")
jose.exceptions.ExpiredSignatureError: Signature has expired.

During handling of the above exception, another exception occurred:

Traceback (most recent call last):
  File "/home/john-p-singbah/Documents/blog_api/src/routers/users/user.py", line 162, in get_user
    payload = decode_token(token)
  File "/home/john-p-singbah/Documents/blog_api/config/__init__.py", line 64, in decode_token
    raise HTTPException(
    ...<2 lines>...
    )
fastapi.exceptions.HTTPException: 401: Token has expired
2026-07-28 01:54:36,828 | ERROR | Token has expired
Traceback (most recent call last):
  File "/home/john-p-singbah/Documents/blog_api/config/__init__.py", line 60, in decode_token
    payload = jwt.decode(token, key=APP_KEY, algorithms=ALGORITHM)
  File "/home/john-p-singbah/Documents/blog_api/.blog/lib/python3.14/site-packages/jose/jwt.py", line 174, in decode
    _validate_claims(
    ~~~~~~~~~~~~~~~~^
        claims,
        ^^^^^^^
    ...<5 lines>...
        options=defaults,
        ^^^^^^^^^^^^^^^^^
    )
    ^
  File "/home/john-p-singbah/Documents/blog_api/.blog/lib/python3.14/site-packages/jose/jwt.py", line 497, in _validate_claims
    _validate_exp(claims, leeway=leeway)
    ~~~~~~~~~~~~~^^^^^^^^^^^^^^^^^^^^^^^
  File "/home/john-p-singbah/Documents/blog_api/.blog/lib/python3.14/site-packages/jose/jwt.py", line 331, in _validate_exp
    raise ExpiredSignatureError("Signature has expired.")
jose.exceptions.ExpiredSignatureError: Signature has expired.
2026-07-28 01:54:36,830 | ERROR | error occur
Traceback (most recent call last):
  File "/home/john-p-singbah/Documents/blog_api/config/__init__.py", line 60, in decode_token
    payload = jwt.decode(token, key=APP_KEY, algorithms=ALGORITHM)
  File "/home/john-p-singbah/Documents/blog_api/.blog/lib/python3.14/site-packages/jose/jwt.py", line 174, in decode
    _validate_claims(
    ~~~~~~~~~~~~~~~~^
        claims,
        ^^^^^^^
    ...<5 lines>...
        options=defaults,
        ^^^^^^^^^^^^^^^^^
    )
    ^
  File "/home/john-p-singbah/Documents/blog_api/.blog/lib/python3.14/site-packages/jose/jwt.py", line 497, in _validate_claims
    _validate_exp(claims, leeway=leeway)
    ~~~~~~~~~~~~~^^^^^^^^^^^^^^^^^^^^^^^
  File "/home/john-p-singbah/Documents/blog_api/.blog/lib/python3.14/site-packages/jose/jwt.py", line 331, in _validate_exp
    raise ExpiredSignatureError("Signature has expired.")
jose.exceptions.ExpiredSignatureError: Signature has expired.

During handling of the above exception, another exception occurred:

Traceback (most recent call last):
  File "/home/john-p-singbah/Documents/blog_api/src/routers/users/user.py", line 162, in get_user
    payload = decode_token(token)
  File "/home/john-p-singbah/Documents/blog_api/config/__init__.py", line 64, in decode_token
    raise HTTPException(
    ...<2 lines>...
    )
fastapi.exceptions.HTTPException: 401: Token has expired
2026-07-28 01:54:36,835 | ERROR | Token has expired
Traceback (most recent call last):
  File "/home/john-p-singbah/Documents/blog_api/config/__init__.py", line 60, in decode_token
    payload = jwt.decode(token, key=APP_KEY, algorithms=ALGORITHM)
  File "/home/john-p-singbah/Documents/blog_api/.blog/lib/python3.14/site-packages/jose/jwt.py", line 174, in decode
    _validate_claims(
    ~~~~~~~~~~~~~~~~^
        claims,
        ^^^^^^^
    ...<5 lines>...
        options=defaults,
        ^^^^^^^^^^^^^^^^^
    )
    ^
  File "/home/john-p-singbah/Documents/blog_api/.blog/lib/python3.14/site-packages/jose/jwt.py", line 497, in _validate_claims
    _validate_exp(claims, leeway=leeway)
    ~~~~~~~~~~~~~^^^^^^^^^^^^^^^^^^^^^^^
  File "/home/john-p-singbah/Documents/blog_api/.blog/lib/python3.14/site-packages/jose/jwt.py", line 331, in _validate_exp
    raise ExpiredSignatureError("Signature has expired.")
jose.exceptions.ExpiredSignatureError: Signature has expired.
2026-07-28 01:54:36,837 | ERROR | error occur
Traceback (most recent call last):
  File "/home/john-p-singbah/Documents/blog_api/config/__init__.py", line 60, in decode_token
    payload = jwt.decode(token, key=APP_KEY, algorithms=ALGORITHM)
  File "/home/john-p-singbah/Documents/blog_api/.blog/lib/python3.14/site-packages/jose/jwt.py", line 174, in decode
    _validate_claims(
    ~~~~~~~~~~~~~~~~^
        claims,
        ^^^^^^^
    ...<5 lines>...
        options=defaults,
        ^^^^^^^^^^^^^^^^^
    )
    ^
  File "/home/john-p-singbah/Documents/blog_api/.blog/lib/python3.14/site-packages/jose/jwt.py", line 497, in _validate_claims
    _validate_exp(claims, leeway=leeway)
    ~~~~~~~~~~~~~^^^^^^^^^^^^^^^^^^^^^^^
  File "/home/john-p-singbah/Documents/blog_api/.blog/lib/python3.14/site-packages/jose/jwt.py", line 331, in _validate_exp
    raise ExpiredSignatureError("Signature has expired.")
jose.exceptions.ExpiredSignatureError: Signature has expired.

During handling of the above exception, another exception occurred:

Traceback (most recent call last):
  File "/home/john-p-singbah/Documents/blog_api/src/routers/users/user.py", line 162, in get_user
    payload = decode_token(token)
  File "/home/john-p-singbah/Documents/blog_api/config/__init__.py", line 64, in decode_token
    raise HTTPException(
    ...<2 lines>...
    )
fastapi.exceptions.HTTPException: 401: Token has expired
2026-07-28 01:55:01,491 | ERROR | Token has expired
Traceback (most recent call last):
  File "/home/john-p-singbah/Documents/blog_api/config/__init__.py", line 60, in decode_token
    payload = jwt.decode(token, key=APP_KEY, algorithms=ALGORITHM)
  File "/home/john-p-singbah/Documents/blog_api/.blog/lib/python3.14/site-packages/jose/jwt.py", line 174, in decode
    _validate_claims(
    ~~~~~~~~~~~~~~~~^
        claims,
        ^^^^^^^
    ...<5 lines>...
        options=defaults,
        ^^^^^^^^^^^^^^^^^
    )
    ^
  File "/home/john-p-singbah/Documents/blog_api/.blog/lib/python3.14/site-packages/jose/jwt.py", line 497, in _validate_claims
    _validate_exp(claims, leeway=leeway)
    ~~~~~~~~~~~~~^^^^^^^^^^^^^^^^^^^^^^^
  File "/home/john-p-singbah/Documents/blog_api/.blog/lib/python3.14/site-packages/jose/jwt.py", line 331, in _validate_exp
    raise ExpiredSignatureError("Signature has expired.")
jose.exceptions.ExpiredSignatureError: Signature has expired.
2026-07-28 01:55:01,492 | ERROR | error occur
Traceback (most recent call last):
  File "/home/john-p-singbah/Documents/blog_api/config/__init__.py", line 60, in decode_token
    payload = jwt.decode(token, key=APP_KEY, algorithms=ALGORITHM)
  File "/home/john-p-singbah/Documents/blog_api/.blog/lib/python3.14/site-packages/jose/jwt.py", line 174, in decode
    _validate_claims(
    ~~~~~~~~~~~~~~~~^
        claims,
        ^^^^^^^
    ...<5 lines>...
        options=defaults,
        ^^^^^^^^^^^^^^^^^
    )
    ^
  File "/home/john-p-singbah/Documents/blog_api/.blog/lib/python3.14/site-packages/jose/jwt.py", line 497, in _validate_claims
    _validate_exp(claims, leeway=leeway)
    ~~~~~~~~~~~~~^^^^^^^^^^^^^^^^^^^^^^^
  File "/home/john-p-singbah/Documents/blog_api/.blog/lib/python3.14/site-packages/jose/jwt.py", line 331, in _validate_exp
    raise ExpiredSignatureError("Signature has expired.")
jose.exceptions.ExpiredSignatureError: Signature has expired.

During handling of the above exception, another exception occurred:

Traceback (most recent call last):
  File "/home/john-p-singbah/Documents/blog_api/src/routers/users/user.py", line 162, in get_user
    payload = decode_token(token)
  File "/home/john-p-singbah/Documents/blog_api/config/__init__.py", line 64, in decode_token
    raise HTTPException(
    ...<2 lines>...
    )
fastapi.exceptions.HTTPException: 401: Token has expired
2026-07-28 01:55:01,506 | ERROR | Token has expired
Traceback (most recent call last):
  File "/home/john-p-singbah/Documents/blog_api/config/__init__.py", line 60, in decode_token
    payload = jwt.decode(token, key=APP_KEY, algorithms=ALGORITHM)
  File "/home/john-p-singbah/Documents/blog_api/.blog/lib/python3.14/site-packages/jose/jwt.py", line 174, in decode
    _validate_claims(
    ~~~~~~~~~~~~~~~~^
        claims,
        ^^^^^^^
    ...<5 lines>...
        options=defaults,
        ^^^^^^^^^^^^^^^^^
    )
    ^
  File "/home/john-p-singbah/Documents/blog_api/.blog/lib/python3.14/site-packages/jose/jwt.py", line 497, in _validate_claims
    _validate_exp(claims, leeway=leeway)
    ~~~~~~~~~~~~~^^^^^^^^^^^^^^^^^^^^^^^
  File "/home/john-p-singbah/Documents/blog_api/.blog/lib/python3.14/site-packages/jose/jwt.py", line 331, in _validate_exp
    raise ExpiredSignatureError("Signature has expired.")
jose.exceptions.ExpiredSignatureError: Signature has expired.
2026-07-28 01:55:01,508 | ERROR | error occur
Traceback (most recent call last):
  File "/home/john-p-singbah/Documents/blog_api/config/__init__.py", line 60, in decode_token
    payload = jwt.decode(token, key=APP_KEY, algorithms=ALGORITHM)
  File "/home/john-p-singbah/Documents/blog_api/.blog/lib/python3.14/site-packages/jose/jwt.py", line 174, in decode
    _validate_claims(
    ~~~~~~~~~~~~~~~~^
        claims,
        ^^^^^^^
    ...<5 lines>...
        options=defaults,
        ^^^^^^^^^^^^^^^^^
    )
    ^
  File "/home/john-p-singbah/Documents/blog_api/.blog/lib/python3.14/site-packages/jose/jwt.py", line 497, in _validate_claims
    _validate_exp(claims, leeway=leeway)
    ~~~~~~~~~~~~~^^^^^^^^^^^^^^^^^^^^^^^
  File "/home/john-p-singbah/Documents/blog_api/.blog/lib/python3.14/site-packages/jose/jwt.py", line 331, in _validate_exp
    raise ExpiredSignatureError("Signature has expired.")
jose.exceptions.ExpiredSignatureError: Signature has expired.

During handling of the above exception, another exception occurred:

Traceback (most recent call last):
  File "/home/john-p-singbah/Documents/blog_api/src/routers/users/user.py", line 162, in get_user
    payload = decode_token(token)
  File "/home/john-p-singbah/Documents/blog_api/config/__init__.py", line 64, in decode_token
    raise HTTPException(
    ...<2 lines>...
    )
fastapi.exceptions.HTTPException: 401: Token has expired
2026-07-28 01:55:04,916 | ERROR | Token has expired
Traceback (most recent call last):
  File "/home/john-p-singbah/Documents/blog_api/config/__init__.py", line 60, in decode_token
    payload = jwt.decode(token, key=APP_KEY, algorithms=ALGORITHM)
  File "/home/john-p-singbah/Documents/blog_api/.blog/lib/python3.14/site-packages/jose/jwt.py", line 174, in decode
    _validate_claims(
    ~~~~~~~~~~~~~~~~^
        claims,
        ^^^^^^^
    ...<5 lines>...
        options=defaults,
        ^^^^^^^^^^^^^^^^^
    )
    ^
  File "/home/john-p-singbah/Documents/blog_api/.blog/lib/python3.14/site-packages/jose/jwt.py", line 497, in _validate_claims
    _validate_exp(claims, leeway=leeway)
    ~~~~~~~~~~~~~^^^^^^^^^^^^^^^^^^^^^^^
  File "/home/john-p-singbah/Documents/blog_api/.blog/lib/python3.14/site-packages/jose/jwt.py", line 331, in _validate_exp
    raise ExpiredSignatureError("Signature has expired.")
jose.exceptions.ExpiredSignatureError: Signature has expired.
2026-07-28 01:55:04,918 | ERROR | error occur
Traceback (most recent call last):
  File "/home/john-p-singbah/Documents/blog_api/config/__init__.py", line 60, in decode_token
    payload = jwt.decode(token, key=APP_KEY, algorithms=ALGORITHM)
  File "/home/john-p-singbah/Documents/blog_api/.blog/lib/python3.14/site-packages/jose/jwt.py", line 174, in decode
    _validate_claims(
    ~~~~~~~~~~~~~~~~^
        claims,
        ^^^^^^^
    ...<5 lines>...
        options=defaults,
        ^^^^^^^^^^^^^^^^^
    )
    ^
  File "/home/john-p-singbah/Documents/blog_api/.blog/lib/python3.14/site-packages/jose/jwt.py", line 497, in _validate_claims
    _validate_exp(claims, leeway=leeway)
    ~~~~~~~~~~~~~^^^^^^^^^^^^^^^^^^^^^^^
  File "/home/john-p-singbah/Documents/blog_api/.blog/lib/python3.14/site-packages/jose/jwt.py", line 331, in _validate_exp
    raise ExpiredSignatureError("Signature has expired.")
jose.exceptions.ExpiredSignatureError: Signature has expired.

During handling of the above exception, another exception occurred:

Traceback (most recent call last):
  File "/home/john-p-singbah/Documents/blog_api/src/routers/users/user.py", line 162, in get_user
    payload = decode_token(token)
  File "/home/john-p-singbah/Documents/blog_api/config/__init__.py", line 64, in decode_token
    raise HTTPException(
    ...<2 lines>...
    )
fastapi.exceptions.HTTPException: 401: Token has expired
2026-07-28 01:55:04,926 | ERROR | Token has expired
Traceback (most recent call last):
  File "/home/john-p-singbah/Documents/blog_api/config/__init__.py", line 60, in decode_token
    payload = jwt.decode(token, key=APP_KEY, algorithms=ALGORITHM)
  File "/home/john-p-singbah/Documents/blog_api/.blog/lib/python3.14/site-packages/jose/jwt.py", line 174, in decode
    _validate_claims(
    ~~~~~~~~~~~~~~~~^
        claims,
        ^^^^^^^
    ...<5 lines>...
        options=defaults,
        ^^^^^^^^^^^^^^^^^
    )
    ^
  File "/home/john-p-singbah/Documents/blog_api/.blog/lib/python3.14/site-packages/jose/jwt.py", line 497, in _validate_claims
    _validate_exp(claims, leeway=leeway)
    ~~~~~~~~~~~~~^^^^^^^^^^^^^^^^^^^^^^^
  File "/home/john-p-singbah/Documents/blog_api/.blog/lib/python3.14/site-packages/jose/jwt.py", line 331, in _validate_exp
    raise ExpiredSignatureError("Signature has expired.")
jose.exceptions.ExpiredSignatureError: Signature has expired.
2026-07-28 01:55:04,932 | ERROR | error occur
Traceback (most recent call last):
  File "/home/john-p-singbah/Documents/blog_api/config/__init__.py", line 60, in decode_token
    payload = jwt.decode(token, key=APP_KEY, algorithms=ALGORITHM)
  File "/home/john-p-singbah/Documents/blog_api/.blog/lib/python3.14/site-packages/jose/jwt.py", line 174, in decode
    _validate_claims(
    ~~~~~~~~~~~~~~~~^
        claims,
        ^^^^^^^
    ...<5 lines>...
        options=defaults,
        ^^^^^^^^^^^^^^^^^
    )
    ^
  File "/home/john-p-singbah/Documents/blog_api/.blog/lib/python3.14/site-packages/jose/jwt.py", line 497, in _validate_claims
    _validate_exp(claims, leeway=leeway)
    ~~~~~~~~~~~~~^^^^^^^^^^^^^^^^^^^^^^^
  File "/home/john-p-singbah/Documents/blog_api/.blog/lib/python3.14/site-packages/jose/jwt.py", line 331, in _validate_exp
    raise ExpiredSignatureError("Signature has expired.")
jose.exceptions.ExpiredSignatureError: Signature has expired.

During handling of the above exception, another exception occurred:

Traceback (most recent call last):
  File "/home/john-p-singbah/Documents/blog_api/src/routers/users/user.py", line 162, in get_user
    payload = decode_token(token)
  File "/home/john-p-singbah/Documents/blog_api/config/__init__.py", line 64, in decode_token
    raise HTTPException(
    ...<2 lines>...
    )
fastapi.exceptions.HTTPException: 401: Token has expired
2026-07-28 01:55:14,062 | ERROR | Token has expired
Traceback (most recent call last):
  File "/home/john-p-singbah/Documents/blog_api/config/__init__.py", line 60, in decode_token
    payload = jwt.decode(token, key=APP_KEY, algorithms=ALGORITHM)
  File "/home/john-p-singbah/Documents/blog_api/.blog/lib/python3.14/site-packages/jose/jwt.py", line 174, in decode
    _validate_claims(
    ~~~~~~~~~~~~~~~~^
        claims,
        ^^^^^^^
    ...<5 lines>...
        options=defaults,
        ^^^^^^^^^^^^^^^^^
    )
    ^
  File "/home/john-p-singbah/Documents/blog_api/.blog/lib/python3.14/site-packages/jose/jwt.py", line 497, in _validate_claims
    _validate_exp(claims, leeway=leeway)
    ~~~~~~~~~~~~~^^^^^^^^^^^^^^^^^^^^^^^
  File "/home/john-p-singbah/Documents/blog_api/.blog/lib/python3.14/site-packages/jose/jwt.py", line 331, in _validate_exp
    raise ExpiredSignatureError("Signature has expired.")
jose.exceptions.ExpiredSignatureError: Signature has expired.
2026-07-28 01:55:14,065 | ERROR | error occur
Traceback (most recent call last):
  File "/home/john-p-singbah/Documents/blog_api/config/__init__.py", line 60, in decode_token
    payload = jwt.decode(token, key=APP_KEY, algorithms=ALGORITHM)
  File "/home/john-p-singbah/Documents/blog_api/.blog/lib/python3.14/site-packages/jose/jwt.py", line 174, in decode
    _validate_claims(
    ~~~~~~~~~~~~~~~~^
        claims,
        ^^^^^^^
    ...<5 lines>...
        options=defaults,
        ^^^^^^^^^^^^^^^^^
    )
    ^
  File "/home/john-p-singbah/Documents/blog_api/.blog/lib/python3.14/site-packages/jose/jwt.py", line 497, in _validate_claims
    _validate_exp(claims, leeway=leeway)
    ~~~~~~~~~~~~~^^^^^^^^^^^^^^^^^^^^^^^
  File "/home/john-p-singbah/Documents/blog_api/.blog/lib/python3.14/site-packages/jose/jwt.py", line 331, in _validate_exp
    raise ExpiredSignatureError("Signature has expired.")
jose.exceptions.ExpiredSignatureError: Signature has expired.

During handling of the above exception, another exception occurred:

Traceback (most recent call last):
  File "/home/john-p-singbah/Documents/blog_api/src/routers/users/user.py", line 162, in get_user
    payload = decode_token(token)
  File "/home/john-p-singbah/Documents/blog_api/config/__init__.py", line 64, in decode_token
    raise HTTPException(
    ...<2 lines>...
    )
fastapi.exceptions.HTTPException: 401: Token has expired
2026-07-28 01:55:14,070 | ERROR | Token has expired
Traceback (most recent call last):
  File "/home/john-p-singbah/Documents/blog_api/config/__init__.py", line 60, in decode_token
    payload = jwt.decode(token, key=APP_KEY, algorithms=ALGORITHM)
  File "/home/john-p-singbah/Documents/blog_api/.blog/lib/python3.14/site-packages/jose/jwt.py", line 174, in decode
    _validate_claims(
    ~~~~~~~~~~~~~~~~^
        claims,
        ^^^^^^^
    ...<5 lines>...
        options=defaults,
        ^^^^^^^^^^^^^^^^^
    )
    ^
  File "/home/john-p-singbah/Documents/blog_api/.blog/lib/python3.14/site-packages/jose/jwt.py", line 497, in _validate_claims
    _validate_exp(claims, leeway=leeway)
    ~~~~~~~~~~~~~^^^^^^^^^^^^^^^^^^^^^^^
  File "/home/john-p-singbah/Documents/blog_api/.blog/lib/python3.14/site-packages/jose/jwt.py", line 331, in _validate_exp
    raise ExpiredSignatureError("Signature has expired.")
jose.exceptions.ExpiredSignatureError: Signature has expired.
2026-07-28 01:55:14,071 | ERROR | error occur
Traceback (most recent call last):
  File "/home/john-p-singbah/Documents/blog_api/config/__init__.py", line 60, in decode_token
    payload = jwt.decode(token, key=APP_KEY, algorithms=ALGORITHM)
  File "/home/john-p-singbah/Documents/blog_api/.blog/lib/python3.14/site-packages/jose/jwt.py", line 174, in decode
    _validate_claims(
    ~~~~~~~~~~~~~~~~^
        claims,
        ^^^^^^^
    ...<5 lines>...
        options=defaults,
        ^^^^^^^^^^^^^^^^^
    )
    ^
  File "/home/john-p-singbah/Documents/blog_api/.blog/lib/python3.14/site-packages/jose/jwt.py", line 497, in _validate_claims
    _validate_exp(claims, leeway=leeway)
    ~~~~~~~~~~~~~^^^^^^^^^^^^^^^^^^^^^^^
  File "/home/john-p-singbah/Documents/blog_api/.blog/lib/python3.14/site-packages/jose/jwt.py", line 331, in _validate_exp
    raise ExpiredSignatureError("Signature has expired.")
jose.exceptions.ExpiredSignatureError: Signature has expired.

During handling of the above exception, another exception occurred:

Traceback (most recent call last):
  File "/home/john-p-singbah/Documents/blog_api/src/routers/users/user.py", line 162, in get_user
    payload = decode_token(token)
  File "/home/john-p-singbah/Documents/blog_api/config/__init__.py", line 64, in decode_token
    raise HTTPException(
    ...<2 lines>...
    )
fastapi.exceptions.HTTPException: 401: Token has expired
2026-07-28 01:55:54,598 | ERROR | Token has expired
Traceback (most recent call last):
  File "/home/john-p-singbah/Documents/blog_api/config/__init__.py", line 60, in decode_token
    payload = jwt.decode(token, key=APP_KEY, algorithms=ALGORITHM)
  File "/home/john-p-singbah/Documents/blog_api/.blog/lib/python3.14/site-packages/jose/jwt.py", line 174, in decode
    _validate_claims(
    ~~~~~~~~~~~~~~~~^
        claims,
        ^^^^^^^
    ...<5 lines>...
        options=defaults,
        ^^^^^^^^^^^^^^^^^
    )
    ^
  File "/home/john-p-singbah/Documents/blog_api/.blog/lib/python3.14/site-packages/jose/jwt.py", line 497, in _validate_claims
    _validate_exp(claims, leeway=leeway)
    ~~~~~~~~~~~~~^^^^^^^^^^^^^^^^^^^^^^^
  File "/home/john-p-singbah/Documents/blog_api/.blog/lib/python3.14/site-packages/jose/jwt.py", line 331, in _validate_exp
    raise ExpiredSignatureError("Signature has expired.")
jose.exceptions.ExpiredSignatureError: Signature has expired.
2026-07-28 01:55:54,601 | ERROR | error occur
Traceback (most recent call last):
  File "/home/john-p-singbah/Documents/blog_api/config/__init__.py", line 60, in decode_token
    payload = jwt.decode(token, key=APP_KEY, algorithms=ALGORITHM)
  File "/home/john-p-singbah/Documents/blog_api/.blog/lib/python3.14/site-packages/jose/jwt.py", line 174, in decode
    _validate_claims(
    ~~~~~~~~~~~~~~~~^
        claims,
        ^^^^^^^
    ...<5 lines>...
        options=defaults,
        ^^^^^^^^^^^^^^^^^
    )
    ^
  File "/home/john-p-singbah/Documents/blog_api/.blog/lib/python3.14/site-packages/jose/jwt.py", line 497, in _validate_claims
    _validate_exp(claims, leeway=leeway)
    ~~~~~~~~~~~~~^^^^^^^^^^^^^^^^^^^^^^^
  File "/home/john-p-singbah/Documents/blog_api/.blog/lib/python3.14/site-packages/jose/jwt.py", line 331, in _validate_exp
    raise ExpiredSignatureError("Signature has expired.")
jose.exceptions.ExpiredSignatureError: Signature has expired.

During handling of the above exception, another exception occurred:

Traceback (most recent call last):
  File "/home/john-p-singbah/Documents/blog_api/src/routers/users/user.py", line 162, in get_user
    payload = decode_token(token)
  File "/home/john-p-singbah/Documents/blog_api/config/__init__.py", line 64, in decode_token
    raise HTTPException(
    ...<2 lines>...
    )
fastapi.exceptions.HTTPException: 401: Token has expired
2026-07-28 01:55:54,644 | ERROR | Token has expired
Traceback (most recent call last):
  File "/home/john-p-singbah/Documents/blog_api/config/__init__.py", line 60, in decode_token
    payload = jwt.decode(token, key=APP_KEY, algorithms=ALGORITHM)
  File "/home/john-p-singbah/Documents/blog_api/.blog/lib/python3.14/site-packages/jose/jwt.py", line 174, in decode
    _validate_claims(
    ~~~~~~~~~~~~~~~~^
        claims,
        ^^^^^^^
    ...<5 lines>...
        options=defaults,
        ^^^^^^^^^^^^^^^^^
    )
    ^
  File "/home/john-p-singbah/Documents/blog_api/.blog/lib/python3.14/site-packages/jose/jwt.py", line 497, in _validate_claims
    _validate_exp(claims, leeway=leeway)
    ~~~~~~~~~~~~~^^^^^^^^^^^^^^^^^^^^^^^
  File "/home/john-p-singbah/Documents/blog_api/.blog/lib/python3.14/site-packages/jose/jwt.py", line 331, in _validate_exp
    raise ExpiredSignatureError("Signature has expired.")
jose.exceptions.ExpiredSignatureError: Signature has expired.
2026-07-28 01:55:54,648 | ERROR | error occur
Traceback (most recent call last):
  File "/home/john-p-singbah/Documents/blog_api/config/__init__.py", line 60, in decode_token
    payload = jwt.decode(token, key=APP_KEY, algorithms=ALGORITHM)
  File "/home/john-p-singbah/Documents/blog_api/.blog/lib/python3.14/site-packages/jose/jwt.py", line 174, in decode
    _validate_claims(
    ~~~~~~~~~~~~~~~~^
        claims,
        ^^^^^^^
    ...<5 lines>...
        options=defaults,
        ^^^^^^^^^^^^^^^^^
    )
    ^
  File "/home/john-p-singbah/Documents/blog_api/.blog/lib/python3.14/site-packages/jose/jwt.py", line 497, in _validate_claims
    _validate_exp(claims, leeway=leeway)
    ~~~~~~~~~~~~~^^^^^^^^^^^^^^^^^^^^^^^
  File "/home/john-p-singbah/Documents/blog_api/.blog/lib/python3.14/site-packages/jose/jwt.py", line 331, in _validate_exp
    raise ExpiredSignatureError("Signature has expired.")
jose.exceptions.ExpiredSignatureError: Signature has expired.

During handling of the above exception, another exception occurred:

Traceback (most recent call last):
  File "/home/john-p-singbah/Documents/blog_api/src/routers/users/user.py", line 162, in get_user
    payload = decode_token(token)
  File "/home/john-p-singbah/Documents/blog_api/config/__init__.py", line 64, in decode_token
    raise HTTPException(
    ...<2 lines>...
    )
fastapi.exceptions.HTTPException: 401: Token has expired
2026-07-28 01:56:13,605 | ERROR | Token has expired
Traceback (most recent call last):
  File "/home/john-p-singbah/Documents/blog_api/config/__init__.py", line 60, in decode_token
    payload = jwt.decode(token, key=APP_KEY, algorithms=ALGORITHM)
  File "/home/john-p-singbah/Documents/blog_api/.blog/lib/python3.14/site-packages/jose/jwt.py", line 174, in decode
    _validate_claims(
    ~~~~~~~~~~~~~~~~^
        claims,
        ^^^^^^^
    ...<5 lines>...
        options=defaults,
        ^^^^^^^^^^^^^^^^^
    )
    ^
  File "/home/john-p-singbah/Documents/blog_api/.blog/lib/python3.14/site-packages/jose/jwt.py", line 497, in _validate_claims
    _validate_exp(claims, leeway=leeway)
    ~~~~~~~~~~~~~^^^^^^^^^^^^^^^^^^^^^^^
  File "/home/john-p-singbah/Documents/blog_api/.blog/lib/python3.14/site-packages/jose/jwt.py", line 331, in _validate_exp
    raise ExpiredSignatureError("Signature has expired.")
jose.exceptions.ExpiredSignatureError: Signature has expired.
2026-07-28 01:56:13,609 | ERROR | error occur
Traceback (most recent call last):
  File "/home/john-p-singbah/Documents/blog_api/config/__init__.py", line 60, in decode_token
    payload = jwt.decode(token, key=APP_KEY, algorithms=ALGORITHM)
  File "/home/john-p-singbah/Documents/blog_api/.blog/lib/python3.14/site-packages/jose/jwt.py", line 174, in decode
    _validate_claims(
    ~~~~~~~~~~~~~~~~^
        claims,
        ^^^^^^^
    ...<5 lines>...
        options=defaults,
        ^^^^^^^^^^^^^^^^^
    )
    ^
  File "/home/john-p-singbah/Documents/blog_api/.blog/lib/python3.14/site-packages/jose/jwt.py", line 497, in _validate_claims
    _validate_exp(claims, leeway=leeway)
    ~~~~~~~~~~~~~^^^^^^^^^^^^^^^^^^^^^^^
  File "/home/john-p-singbah/Documents/blog_api/.blog/lib/python3.14/site-packages/jose/jwt.py", line 331, in _validate_exp
    raise ExpiredSignatureError("Signature has expired.")
jose.exceptions.ExpiredSignatureError: Signature has expired.

During handling of the above exception, another exception occurred:

Traceback (most recent call last):
  File "/home/john-p-singbah/Documents/blog_api/src/routers/users/user.py", line 162, in get_user
    payload = decode_token(token)
  File "/home/john-p-singbah/Documents/blog_api/config/__init__.py", line 64, in decode_token
    raise HTTPException(
    ...<2 lines>...
    )
fastapi.exceptions.HTTPException: 401: Token has expired
2026-07-28 01:56:13,617 | ERROR | Token has expired
Traceback (most recent call last):
  File "/home/john-p-singbah/Documents/blog_api/config/__init__.py", line 60, in decode_token
    payload = jwt.decode(token, key=APP_KEY, algorithms=ALGORITHM)
  File "/home/john-p-singbah/Documents/blog_api/.blog/lib/python3.14/site-packages/jose/jwt.py", line 174, in decode
    _validate_claims(
    ~~~~~~~~~~~~~~~~^
        claims,
        ^^^^^^^
    ...<5 lines>...
        options=defaults,
        ^^^^^^^^^^^^^^^^^
    )
    ^
  File "/home/john-p-singbah/Documents/blog_api/.blog/lib/python3.14/site-packages/jose/jwt.py", line 497, in _validate_claims
    _validate_exp(claims, leeway=leeway)
    ~~~~~~~~~~~~~^^^^^^^^^^^^^^^^^^^^^^^
  File "/home/john-p-singbah/Documents/blog_api/.blog/lib/python3.14/site-packages/jose/jwt.py", line 331, in _validate_exp
    raise ExpiredSignatureError("Signature has expired.")
jose.exceptions.ExpiredSignatureError: Signature has expired.
2026-07-28 01:56:13,619 | ERROR | error occur
Traceback (most recent call last):
  File "/home/john-p-singbah/Documents/blog_api/config/__init__.py", line 60, in decode_token
    payload = jwt.decode(token, key=APP_KEY, algorithms=ALGORITHM)
  File "/home/john-p-singbah/Documents/blog_api/.blog/lib/python3.14/site-packages/jose/jwt.py", line 174, in decode
    _validate_claims(
    ~~~~~~~~~~~~~~~~^
        claims,
        ^^^^^^^
    ...<5 lines>...
        options=defaults,
        ^^^^^^^^^^^^^^^^^
    )
    ^
  File "/home/john-p-singbah/Documents/blog_api/.blog/lib/python3.14/site-packages/jose/jwt.py", line 497, in _validate_claims
    _validate_exp(claims, leeway=leeway)
    ~~~~~~~~~~~~~^^^^^^^^^^^^^^^^^^^^^^^
  File "/home/john-p-singbah/Documents/blog_api/.blog/lib/python3.14/site-packages/jose/jwt.py", line 331, in _validate_exp
    raise ExpiredSignatureError("Signature has expired.")
jose.exceptions.ExpiredSignatureError: Signature has expired.

During handling of the above exception, another exception occurred:

Traceback (most recent call last):
  File "/home/john-p-singbah/Documents/blog_api/src/routers/users/user.py", line 162, in get_user
    payload = decode_token(token)
  File "/home/john-p-singbah/Documents/blog_api/config/__init__.py", line 64, in decode_token
    raise HTTPException(
    ...<2 lines>...
    )
fastapi.exceptions.HTTPException: 401: Token has expired
2026-07-28 01:56:48,169 | ERROR | Token has expired
Traceback (most recent call last):
  File "/home/john-p-singbah/Documents/blog_api/config/__init__.py", line 60, in decode_token
    payload = jwt.decode(token, key=APP_KEY, algorithms=ALGORITHM)
  File "/home/john-p-singbah/Documents/blog_api/.blog/lib/python3.14/site-packages/jose/jwt.py", line 174, in decode
    _validate_claims(
    ~~~~~~~~~~~~~~~~^
        claims,
        ^^^^^^^
    ...<5 lines>...
        options=defaults,
        ^^^^^^^^^^^^^^^^^
    )
    ^
  File "/home/john-p-singbah/Documents/blog_api/.blog/lib/python3.14/site-packages/jose/jwt.py", line 497, in _validate_claims
    _validate_exp(claims, leeway=leeway)
    ~~~~~~~~~~~~~^^^^^^^^^^^^^^^^^^^^^^^
  File "/home/john-p-singbah/Documents/blog_api/.blog/lib/python3.14/site-packages/jose/jwt.py", line 331, in _validate_exp
    raise ExpiredSignatureError("Signature has expired.")
jose.exceptions.ExpiredSignatureError: Signature has expired.
2026-07-28 01:56:48,172 | ERROR | error occur
Traceback (most recent call last):
  File "/home/john-p-singbah/Documents/blog_api/config/__init__.py", line 60, in decode_token
    payload = jwt.decode(token, key=APP_KEY, algorithms=ALGORITHM)
  File "/home/john-p-singbah/Documents/blog_api/.blog/lib/python3.14/site-packages/jose/jwt.py", line 174, in decode
    _validate_claims(
    ~~~~~~~~~~~~~~~~^
        claims,
        ^^^^^^^
    ...<5 lines>...
        options=defaults,
        ^^^^^^^^^^^^^^^^^
    )
    ^
  File "/home/john-p-singbah/Documents/blog_api/.blog/lib/python3.14/site-packages/jose/jwt.py", line 497, in _validate_claims
    _validate_exp(claims, leeway=leeway)
    ~~~~~~~~~~~~~^^^^^^^^^^^^^^^^^^^^^^^
  File "/home/john-p-singbah/Documents/blog_api/.blog/lib/python3.14/site-packages/jose/jwt.py", line 331, in _validate_exp
    raise ExpiredSignatureError("Signature has expired.")
jose.exceptions.ExpiredSignatureError: Signature has expired.

During handling of the above exception, another exception occurred:

Traceback (most recent call last):
  File "/home/john-p-singbah/Documents/blog_api/src/routers/users/user.py", line 162, in get_user
    payload = decode_token(token)
  File "/home/john-p-singbah/Documents/blog_api/config/__init__.py", line 64, in decode_token
    raise HTTPException(
    ...<2 lines>...
    )
fastapi.exceptions.HTTPException: 401: Token has expired
2026-07-28 01:56:48,179 | ERROR | Token has expired
Traceback (most recent call last):
  File "/home/john-p-singbah/Documents/blog_api/config/__init__.py", line 60, in decode_token
    payload = jwt.decode(token, key=APP_KEY, algorithms=ALGORITHM)
  File "/home/john-p-singbah/Documents/blog_api/.blog/lib/python3.14/site-packages/jose/jwt.py", line 174, in decode
    _validate_claims(
    ~~~~~~~~~~~~~~~~^
        claims,
        ^^^^^^^
    ...<5 lines>...
        options=defaults,
        ^^^^^^^^^^^^^^^^^
    )
    ^
  File "/home/john-p-singbah/Documents/blog_api/.blog/lib/python3.14/site-packages/jose/jwt.py", line 497, in _validate_claims
    _validate_exp(claims, leeway=leeway)
    ~~~~~~~~~~~~~^^^^^^^^^^^^^^^^^^^^^^^
  File "/home/john-p-singbah/Documents/blog_api/.blog/lib/python3.14/site-packages/jose/jwt.py", line 331, in _validate_exp
    raise ExpiredSignatureError("Signature has expired.")
jose.exceptions.ExpiredSignatureError: Signature has expired.
2026-07-28 01:56:48,182 | ERROR | error occur
Traceback (most recent call last):
  File "/home/john-p-singbah/Documents/blog_api/config/__init__.py", line 60, in decode_token
    payload = jwt.decode(token, key=APP_KEY, algorithms=ALGORITHM)
  File "/home/john-p-singbah/Documents/blog_api/.blog/lib/python3.14/site-packages/jose/jwt.py", line 174, in decode
    _validate_claims(
    ~~~~~~~~~~~~~~~~^
        claims,
        ^^^^^^^
    ...<5 lines>...
        options=defaults,
        ^^^^^^^^^^^^^^^^^
    )
    ^
  File "/home/john-p-singbah/Documents/blog_api/.blog/lib/python3.14/site-packages/jose/jwt.py", line 497, in _validate_claims
    _validate_exp(claims, leeway=leeway)
    ~~~~~~~~~~~~~^^^^^^^^^^^^^^^^^^^^^^^
  File "/home/john-p-singbah/Documents/blog_api/.blog/lib/python3.14/site-packages/jose/jwt.py", line 331, in _validate_exp
    raise ExpiredSignatureError("Signature has expired.")
jose.exceptions.ExpiredSignatureError: Signature has expired.

During handling of the above exception, another exception occurred:

Traceback (most recent call last):
  File "/home/john-p-singbah/Documents/blog_api/src/routers/users/user.py", line 162, in get_user
    payload = decode_token(token)
  File "/home/john-p-singbah/Documents/blog_api/config/__init__.py", line 64, in decode_token
    raise HTTPException(
    ...<2 lines>...
    )
fastapi.exceptions.HTTPException: 401: Token has expired
2026-07-28 01:57:06,377 | ERROR | Token has expired
Traceback (most recent call last):
  File "/home/john-p-singbah/Documents/blog_api/config/__init__.py", line 60, in decode_token
    payload = jwt.decode(token, key=APP_KEY, algorithms=ALGORITHM)
  File "/home/john-p-singbah/Documents/blog_api/.blog/lib/python3.14/site-packages/jose/jwt.py", line 174, in decode
    _validate_claims(
    ~~~~~~~~~~~~~~~~^
        claims,
        ^^^^^^^
    ...<5 lines>...
        options=defaults,
        ^^^^^^^^^^^^^^^^^
    )
    ^
  File "/home/john-p-singbah/Documents/blog_api/.blog/lib/python3.14/site-packages/jose/jwt.py", line 497, in _validate_claims
    _validate_exp(claims, leeway=leeway)
    ~~~~~~~~~~~~~^^^^^^^^^^^^^^^^^^^^^^^
  File "/home/john-p-singbah/Documents/blog_api/.blog/lib/python3.14/site-packages/jose/jwt.py", line 331, in _validate_exp
    raise ExpiredSignatureError("Signature has expired.")
jose.exceptions.ExpiredSignatureError: Signature has expired.
2026-07-28 01:57:06,381 | ERROR | error occur
Traceback (most recent call last):
  File "/home/john-p-singbah/Documents/blog_api/config/__init__.py", line 60, in decode_token
    payload = jwt.decode(token, key=APP_KEY, algorithms=ALGORITHM)
  File "/home/john-p-singbah/Documents/blog_api/.blog/lib/python3.14/site-packages/jose/jwt.py", line 174, in decode
    _validate_claims(
    ~~~~~~~~~~~~~~~~^
        claims,
        ^^^^^^^
    ...<5 lines>...
        options=defaults,
        ^^^^^^^^^^^^^^^^^
    )
    ^
  File "/home/john-p-singbah/Documents/blog_api/.blog/lib/python3.14/site-packages/jose/jwt.py", line 497, in _validate_claims
    _validate_exp(claims, leeway=leeway)
    ~~~~~~~~~~~~~^^^^^^^^^^^^^^^^^^^^^^^
  File "/home/john-p-singbah/Documents/blog_api/.blog/lib/python3.14/site-packages/jose/jwt.py", line 331, in _validate_exp
    raise ExpiredSignatureError("Signature has expired.")
jose.exceptions.ExpiredSignatureError: Signature has expired.

During handling of the above exception, another exception occurred:

Traceback (most recent call last):
  File "/home/john-p-singbah/Documents/blog_api/src/routers/users/user.py", line 162, in get_user
    payload = decode_token(token)
  File "/home/john-p-singbah/Documents/blog_api/config/__init__.py", line 64, in decode_token
    raise HTTPException(
    ...<2 lines>...
    )
fastapi.exceptions.HTTPException: 401: Token has expired
2026-07-28 01:57:06,391 | ERROR | Token has expired
Traceback (most recent call last):
  File "/home/john-p-singbah/Documents/blog_api/config/__init__.py", line 60, in decode_token
    payload = jwt.decode(token, key=APP_KEY, algorithms=ALGORITHM)
  File "/home/john-p-singbah/Documents/blog_api/.blog/lib/python3.14/site-packages/jose/jwt.py", line 174, in decode
    _validate_claims(
    ~~~~~~~~~~~~~~~~^
        claims,
        ^^^^^^^
    ...<5 lines>...
        options=defaults,
        ^^^^^^^^^^^^^^^^^
    )
    ^
  File "/home/john-p-singbah/Documents/blog_api/.blog/lib/python3.14/site-packages/jose/jwt.py", line 497, in _validate_claims
    _validate_exp(claims, leeway=leeway)
    ~~~~~~~~~~~~~^^^^^^^^^^^^^^^^^^^^^^^
  File "/home/john-p-singbah/Documents/blog_api/.blog/lib/python3.14/site-packages/jose/jwt.py", line 331, in _validate_exp
    raise ExpiredSignatureError("Signature has expired.")
jose.exceptions.ExpiredSignatureError: Signature has expired.
2026-07-28 01:57:06,395 | ERROR | error occur
Traceback (most recent call last):
  File "/home/john-p-singbah/Documents/blog_api/config/__init__.py", line 60, in decode_token
    payload = jwt.decode(token, key=APP_KEY, algorithms=ALGORITHM)
  File "/home/john-p-singbah/Documents/blog_api/.blog/lib/python3.14/site-packages/jose/jwt.py", line 174, in decode
    _validate_claims(
    ~~~~~~~~~~~~~~~~^
        claims,
        ^^^^^^^
    ...<5 lines>...
        options=defaults,
        ^^^^^^^^^^^^^^^^^
    )
    ^
  File "/home/john-p-singbah/Documents/blog_api/.blog/lib/python3.14/site-packages/jose/jwt.py", line 497, in _validate_claims
    _validate_exp(claims, leeway=leeway)
    ~~~~~~~~~~~~~^^^^^^^^^^^^^^^^^^^^^^^
  File "/home/john-p-singbah/Documents/blog_api/.blog/lib/python3.14/site-packages/jose/jwt.py", line 331, in _validate_exp
    raise ExpiredSignatureError("Signature has expired.")
jose.exceptions.ExpiredSignatureError: Signature has expired.

During handling of the above exception, another exception occurred:

Traceback (most recent call last):
  File "/home/john-p-singbah/Documents/blog_api/src/routers/users/user.py", line 162, in get_user
    payload = decode_token(token)
  File "/home/john-p-singbah/Documents/blog_api/config/__init__.py", line 64, in decode_token
    raise HTTPException(
    ...<2 lines>...
    )
fastapi.exceptions.HTTPException: 401: Token has expired
2026-07-28 01:57:55,046 | ERROR | Token has expired
Traceback (most recent call last):
  File "/home/john-p-singbah/Documents/blog_api/config/__init__.py", line 60, in decode_token
    payload = jwt.decode(token, key=APP_KEY, algorithms=ALGORITHM)
  File "/home/john-p-singbah/Documents/blog_api/.blog/lib/python3.14/site-packages/jose/jwt.py", line 174, in decode
    _validate_claims(
    ~~~~~~~~~~~~~~~~^
        claims,
        ^^^^^^^
    ...<5 lines>...
        options=defaults,
        ^^^^^^^^^^^^^^^^^
    )
    ^
  File "/home/john-p-singbah/Documents/blog_api/.blog/lib/python3.14/site-packages/jose/jwt.py", line 497, in _validate_claims
    _validate_exp(claims, leeway=leeway)
    ~~~~~~~~~~~~~^^^^^^^^^^^^^^^^^^^^^^^
  File "/home/john-p-singbah/Documents/blog_api/.blog/lib/python3.14/site-packages/jose/jwt.py", line 331, in _validate_exp
    raise ExpiredSignatureError("Signature has expired.")
jose.exceptions.ExpiredSignatureError: Signature has expired.
2026-07-28 01:57:55,056 | ERROR | error occur
Traceback (most recent call last):
  File "/home/john-p-singbah/Documents/blog_api/config/__init__.py", line 60, in decode_token
    payload = jwt.decode(token, key=APP_KEY, algorithms=ALGORITHM)
  File "/home/john-p-singbah/Documents/blog_api/.blog/lib/python3.14/site-packages/jose/jwt.py", line 174, in decode
    _validate_claims(
    ~~~~~~~~~~~~~~~~^
        claims,
        ^^^^^^^
    ...<5 lines>...
        options=defaults,
        ^^^^^^^^^^^^^^^^^
    )
    ^
  File "/home/john-p-singbah/Documents/blog_api/.blog/lib/python3.14/site-packages/jose/jwt.py", line 497, in _validate_claims
    _validate_exp(claims, leeway=leeway)
    ~~~~~~~~~~~~~^^^^^^^^^^^^^^^^^^^^^^^
  File "/home/john-p-singbah/Documents/blog_api/.blog/lib/python3.14/site-packages/jose/jwt.py", line 331, in _validate_exp
    raise ExpiredSignatureError("Signature has expired.")
jose.exceptions.ExpiredSignatureError: Signature has expired.

During handling of the above exception, another exception occurred:

Traceback (most recent call last):
  File "/home/john-p-singbah/Documents/blog_api/src/routers/users/user.py", line 162, in get_user
    payload = decode_token(token)
  File "/home/john-p-singbah/Documents/blog_api/config/__init__.py", line 64, in decode_token
    raise HTTPException(
    ...<2 lines>...
    )
fastapi.exceptions.HTTPException: 401: Token has expired
2026-07-28 01:57:55,100 | ERROR | Token has expired
Traceback (most recent call last):
  File "/home/john-p-singbah/Documents/blog_api/config/__init__.py", line 60, in decode_token
    payload = jwt.decode(token, key=APP_KEY, algorithms=ALGORITHM)
  File "/home/john-p-singbah/Documents/blog_api/.blog/lib/python3.14/site-packages/jose/jwt.py", line 174, in decode
    _validate_claims(
    ~~~~~~~~~~~~~~~~^
        claims,
        ^^^^^^^
    ...<5 lines>...
        options=defaults,
        ^^^^^^^^^^^^^^^^^
    )
    ^
  File "/home/john-p-singbah/Documents/blog_api/.blog/lib/python3.14/site-packages/jose/jwt.py", line 497, in _validate_claims
    _validate_exp(claims, leeway=leeway)
    ~~~~~~~~~~~~~^^^^^^^^^^^^^^^^^^^^^^^
  File "/home/john-p-singbah/Documents/blog_api/.blog/lib/python3.14/site-packages/jose/jwt.py", line 331, in _validate_exp
    raise ExpiredSignatureError("Signature has expired.")
jose.exceptions.ExpiredSignatureError: Signature has expired.
2026-07-28 01:57:55,105 | ERROR | error occur
Traceback (most recent call last):
  File "/home/john-p-singbah/Documents/blog_api/config/__init__.py", line 60, in decode_token
    payload = jwt.decode(token, key=APP_KEY, algorithms=ALGORITHM)
  File "/home/john-p-singbah/Documents/blog_api/.blog/lib/python3.14/site-packages/jose/jwt.py", line 174, in decode
    _validate_claims(
    ~~~~~~~~~~~~~~~~^
        claims,
        ^^^^^^^
    ...<5 lines>...
        options=defaults,
        ^^^^^^^^^^^^^^^^^
    )
    ^
  File "/home/john-p-singbah/Documents/blog_api/.blog/lib/python3.14/site-packages/jose/jwt.py", line 497, in _validate_claims
    _validate_exp(claims, leeway=leeway)
    ~~~~~~~~~~~~~^^^^^^^^^^^^^^^^^^^^^^^
  File "/home/john-p-singbah/Documents/blog_api/.blog/lib/python3.14/site-packages/jose/jwt.py", line 331, in _validate_exp
    raise ExpiredSignatureError("Signature has expired.")
jose.exceptions.ExpiredSignatureError: Signature has expired.

During handling of the above exception, another exception occurred:

Traceback (most recent call last):
  File "/home/john-p-singbah/Documents/blog_api/src/routers/users/user.py", line 162, in get_user
    payload = decode_token(token)
  File "/home/john-p-singbah/Documents/blog_api/config/__init__.py", line 64, in decode_token
    raise HTTPException(
    ...<2 lines>...
    )
fastapi.exceptions.HTTPException: 401: Token has expired
2026-07-28 01:58:04,139 | ERROR | Token has expired
Traceback (most recent call last):
  File "/home/john-p-singbah/Documents/blog_api/config/__init__.py", line 60, in decode_token
    payload = jwt.decode(token, key=APP_KEY, algorithms=ALGORITHM)
  File "/home/john-p-singbah/Documents/blog_api/.blog/lib/python3.14/site-packages/jose/jwt.py", line 174, in decode
    _validate_claims(
    ~~~~~~~~~~~~~~~~^
        claims,
        ^^^^^^^
    ...<5 lines>...
        options=defaults,
        ^^^^^^^^^^^^^^^^^
    )
    ^
  File "/home/john-p-singbah/Documents/blog_api/.blog/lib/python3.14/site-packages/jose/jwt.py", line 497, in _validate_claims
    _validate_exp(claims, leeway=leeway)
    ~~~~~~~~~~~~~^^^^^^^^^^^^^^^^^^^^^^^
  File "/home/john-p-singbah/Documents/blog_api/.blog/lib/python3.14/site-packages/jose/jwt.py", line 331, in _validate_exp
    raise ExpiredSignatureError("Signature has expired.")
jose.exceptions.ExpiredSignatureError: Signature has expired.
2026-07-28 01:58:04,141 | ERROR | error occur
Traceback (most recent call last):
  File "/home/john-p-singbah/Documents/blog_api/config/__init__.py", line 60, in decode_token
    payload = jwt.decode(token, key=APP_KEY, algorithms=ALGORITHM)
  File "/home/john-p-singbah/Documents/blog_api/.blog/lib/python3.14/site-packages/jose/jwt.py", line 174, in decode
    _validate_claims(
    ~~~~~~~~~~~~~~~~^
        claims,
        ^^^^^^^
    ...<5 lines>...
        options=defaults,
        ^^^^^^^^^^^^^^^^^
    )
    ^
  File "/home/john-p-singbah/Documents/blog_api/.blog/lib/python3.14/site-packages/jose/jwt.py", line 497, in _validate_claims
    _validate_exp(claims, leeway=leeway)
    ~~~~~~~~~~~~~^^^^^^^^^^^^^^^^^^^^^^^
  File "/home/john-p-singbah/Documents/blog_api/.blog/lib/python3.14/site-packages/jose/jwt.py", line 331, in _validate_exp
    raise ExpiredSignatureError("Signature has expired.")
jose.exceptions.ExpiredSignatureError: Signature has expired.

During handling of the above exception, another exception occurred:

Traceback (most recent call last):
  File "/home/john-p-singbah/Documents/blog_api/src/routers/users/user.py", line 162, in get_user
    payload = decode_token(token)
  File "/home/john-p-singbah/Documents/blog_api/config/__init__.py", line 64, in decode_token
    raise HTTPException(
    ...<2 lines>...
    )
fastapi.exceptions.HTTPException: 401: Token has expired
2026-07-28 01:58:04,145 | ERROR | Token has expired
Traceback (most recent call last):
  File "/home/john-p-singbah/Documents/blog_api/config/__init__.py", line 60, in decode_token
    payload = jwt.decode(token, key=APP_KEY, algorithms=ALGORITHM)
  File "/home/john-p-singbah/Documents/blog_api/.blog/lib/python3.14/site-packages/jose/jwt.py", line 174, in decode
    _validate_claims(
    ~~~~~~~~~~~~~~~~^
        claims,
        ^^^^^^^
    ...<5 lines>...
        options=defaults,
        ^^^^^^^^^^^^^^^^^
    )
    ^
  File "/home/john-p-singbah/Documents/blog_api/.blog/lib/python3.14/site-packages/jose/jwt.py", line 497, in _validate_claims
    _validate_exp(claims, leeway=leeway)
    ~~~~~~~~~~~~~^^^^^^^^^^^^^^^^^^^^^^^
  File "/home/john-p-singbah/Documents/blog_api/.blog/lib/python3.14/site-packages/jose/jwt.py", line 331, in _validate_exp
    raise ExpiredSignatureError("Signature has expired.")
jose.exceptions.ExpiredSignatureError: Signature has expired.
2026-07-28 01:58:04,147 | ERROR | error occur
Traceback (most recent call last):
  File "/home/john-p-singbah/Documents/blog_api/config/__init__.py", line 60, in decode_token
    payload = jwt.decode(token, key=APP_KEY, algorithms=ALGORITHM)
  File "/home/john-p-singbah/Documents/blog_api/.blog/lib/python3.14/site-packages/jose/jwt.py", line 174, in decode
    _validate_claims(
    ~~~~~~~~~~~~~~~~^
        claims,
        ^^^^^^^
    ...<5 lines>...
        options=defaults,
        ^^^^^^^^^^^^^^^^^
    )
    ^
  File "/home/john-p-singbah/Documents/blog_api/.blog/lib/python3.14/site-packages/jose/jwt.py", line 497, in _validate_claims
    _validate_exp(claims, leeway=leeway)
    ~~~~~~~~~~~~~^^^^^^^^^^^^^^^^^^^^^^^
  File "/home/john-p-singbah/Documents/blog_api/.blog/lib/python3.14/site-packages/jose/jwt.py", line 331, in _validate_exp
    raise ExpiredSignatureError("Signature has expired.")
jose.exceptions.ExpiredSignatureError: Signature has expired.

During handling of the above exception, another exception occurred:

Traceback (most recent call last):
  File "/home/john-p-singbah/Documents/blog_api/src/routers/users/user.py", line 162, in get_user
    payload = decode_token(token)
  File "/home/john-p-singbah/Documents/blog_api/config/__init__.py", line 64, in decode_token
    raise HTTPException(
    ...<2 lines>...
    )
fastapi.exceptions.HTTPException: 401: Token has expired
2026-07-28 01:58:13,802 | ERROR | Token has expired
Traceback (most recent call last):
  File "/home/john-p-singbah/Documents/blog_api/config/__init__.py", line 60, in decode_token
    payload = jwt.decode(token, key=APP_KEY, algorithms=ALGORITHM)
  File "/home/john-p-singbah/Documents/blog_api/.blog/lib/python3.14/site-packages/jose/jwt.py", line 174, in decode
    _validate_claims(
    ~~~~~~~~~~~~~~~~^
        claims,
        ^^^^^^^
    ...<5 lines>...
        options=defaults,
        ^^^^^^^^^^^^^^^^^
    )
    ^
  File "/home/john-p-singbah/Documents/blog_api/.blog/lib/python3.14/site-packages/jose/jwt.py", line 497, in _validate_claims
    _validate_exp(claims, leeway=leeway)
    ~~~~~~~~~~~~~^^^^^^^^^^^^^^^^^^^^^^^
  File "/home/john-p-singbah/Documents/blog_api/.blog/lib/python3.14/site-packages/jose/jwt.py", line 331, in _validate_exp
    raise ExpiredSignatureError("Signature has expired.")
jose.exceptions.ExpiredSignatureError: Signature has expired.
2026-07-28 01:58:13,805 | ERROR | error occur
Traceback (most recent call last):
  File "/home/john-p-singbah/Documents/blog_api/config/__init__.py", line 60, in decode_token
    payload = jwt.decode(token, key=APP_KEY, algorithms=ALGORITHM)
  File "/home/john-p-singbah/Documents/blog_api/.blog/lib/python3.14/site-packages/jose/jwt.py", line 174, in decode
    _validate_claims(
    ~~~~~~~~~~~~~~~~^
        claims,
        ^^^^^^^
    ...<5 lines>...
        options=defaults,
        ^^^^^^^^^^^^^^^^^
    )
    ^
  File "/home/john-p-singbah/Documents/blog_api/.blog/lib/python3.14/site-packages/jose/jwt.py", line 497, in _validate_claims
    _validate_exp(claims, leeway=leeway)
    ~~~~~~~~~~~~~^^^^^^^^^^^^^^^^^^^^^^^
  File "/home/john-p-singbah/Documents/blog_api/.blog/lib/python3.14/site-packages/jose/jwt.py", line 331, in _validate_exp
    raise ExpiredSignatureError("Signature has expired.")
jose.exceptions.ExpiredSignatureError: Signature has expired.

During handling of the above exception, another exception occurred:

Traceback (most recent call last):
  File "/home/john-p-singbah/Documents/blog_api/src/routers/users/user.py", line 162, in get_user
    payload = decode_token(token)
  File "/home/john-p-singbah/Documents/blog_api/config/__init__.py", line 64, in decode_token
    raise HTTPException(
    ...<2 lines>...
    )
fastapi.exceptions.HTTPException: 401: Token has expired
2026-07-28 01:58:13,809 | ERROR | Token has expired
Traceback (most recent call last):
  File "/home/john-p-singbah/Documents/blog_api/config/__init__.py", line 60, in decode_token
    payload = jwt.decode(token, key=APP_KEY, algorithms=ALGORITHM)
  File "/home/john-p-singbah/Documents/blog_api/.blog/lib/python3.14/site-packages/jose/jwt.py", line 174, in decode
    _validate_claims(
    ~~~~~~~~~~~~~~~~^
        claims,
        ^^^^^^^
    ...<5 lines>...
        options=defaults,
        ^^^^^^^^^^^^^^^^^
    )
    ^
  File "/home/john-p-singbah/Documents/blog_api/.blog/lib/python3.14/site-packages/jose/jwt.py", line 497, in _validate_claims
    _validate_exp(claims, leeway=leeway)
    ~~~~~~~~~~~~~^^^^^^^^^^^^^^^^^^^^^^^
  File "/home/john-p-singbah/Documents/blog_api/.blog/lib/python3.14/site-packages/jose/jwt.py", line 331, in _validate_exp
    raise ExpiredSignatureError("Signature has expired.")
jose.exceptions.ExpiredSignatureError: Signature has expired.
2026-07-28 01:58:13,813 | ERROR | error occur
Traceback (most recent call last):
  File "/home/john-p-singbah/Documents/blog_api/config/__init__.py", line 60, in decode_token
    payload = jwt.decode(token, key=APP_KEY, algorithms=ALGORITHM)
  File "/home/john-p-singbah/Documents/blog_api/.blog/lib/python3.14/site-packages/jose/jwt.py", line 174, in decode
    _validate_claims(
    ~~~~~~~~~~~~~~~~^
        claims,
        ^^^^^^^
    ...<5 lines>...
        options=defaults,
        ^^^^^^^^^^^^^^^^^
    )
    ^
  File "/home/john-p-singbah/Documents/blog_api/.blog/lib/python3.14/site-packages/jose/jwt.py", line 497, in _validate_claims
    _validate_exp(claims, leeway=leeway)
    ~~~~~~~~~~~~~^^^^^^^^^^^^^^^^^^^^^^^
  File "/home/john-p-singbah/Documents/blog_api/.blog/lib/python3.14/site-packages/jose/jwt.py", line 331, in _validate_exp
    raise ExpiredSignatureError("Signature has expired.")
jose.exceptions.ExpiredSignatureError: Signature has expired.

During handling of the above exception, another exception occurred:

Traceback (most recent call last):
  File "/home/john-p-singbah/Documents/blog_api/src/routers/users/user.py", line 162, in get_user
    payload = decode_token(token)
  File "/home/john-p-singbah/Documents/blog_api/config/__init__.py", line 64, in decode_token
    raise HTTPException(
    ...<2 lines>...
    )
fastapi.exceptions.HTTPException: 401: Token has expired
2026-07-28 01:58:22,784 | ERROR | Token has expired
Traceback (most recent call last):
  File "/home/john-p-singbah/Documents/blog_api/config/__init__.py", line 60, in decode_token
    payload = jwt.decode(token, key=APP_KEY, algorithms=ALGORITHM)
  File "/home/john-p-singbah/Documents/blog_api/.blog/lib/python3.14/site-packages/jose/jwt.py", line 174, in decode
    _validate_claims(
    ~~~~~~~~~~~~~~~~^
        claims,
        ^^^^^^^
    ...<5 lines>...
        options=defaults,
        ^^^^^^^^^^^^^^^^^
    )
    ^
  File "/home/john-p-singbah/Documents/blog_api/.blog/lib/python3.14/site-packages/jose/jwt.py", line 497, in _validate_claims
    _validate_exp(claims, leeway=leeway)
    ~~~~~~~~~~~~~^^^^^^^^^^^^^^^^^^^^^^^
  File "/home/john-p-singbah/Documents/blog_api/.blog/lib/python3.14/site-packages/jose/jwt.py", line 331, in _validate_exp
    raise ExpiredSignatureError("Signature has expired.")
jose.exceptions.ExpiredSignatureError: Signature has expired.
2026-07-28 01:58:22,787 | ERROR | error occur
Traceback (most recent call last):
  File "/home/john-p-singbah/Documents/blog_api/config/__init__.py", line 60, in decode_token
    payload = jwt.decode(token, key=APP_KEY, algorithms=ALGORITHM)
  File "/home/john-p-singbah/Documents/blog_api/.blog/lib/python3.14/site-packages/jose/jwt.py", line 174, in decode
    _validate_claims(
    ~~~~~~~~~~~~~~~~^
        claims,
        ^^^^^^^
    ...<5 lines>...
        options=defaults,
        ^^^^^^^^^^^^^^^^^
    )
    ^
  File "/home/john-p-singbah/Documents/blog_api/.blog/lib/python3.14/site-packages/jose/jwt.py", line 497, in _validate_claims
    _validate_exp(claims, leeway=leeway)
    ~~~~~~~~~~~~~^^^^^^^^^^^^^^^^^^^^^^^
  File "/home/john-p-singbah/Documents/blog_api/.blog/lib/python3.14/site-packages/jose/jwt.py", line 331, in _validate_exp
    raise ExpiredSignatureError("Signature has expired.")
jose.exceptions.ExpiredSignatureError: Signature has expired.

During handling of the above exception, another exception occurred:

Traceback (most recent call last):
  File "/home/john-p-singbah/Documents/blog_api/src/routers/users/user.py", line 162, in get_user
    payload = decode_token(token)
  File "/home/john-p-singbah/Documents/blog_api/config/__init__.py", line 64, in decode_token
    raise HTTPException(
    ...<2 lines>...
    )
fastapi.exceptions.HTTPException: 401: Token has expired
2026-07-28 01:58:22,791 | ERROR | Token has expired
Traceback (most recent call last):
  File "/home/john-p-singbah/Documents/blog_api/config/__init__.py", line 60, in decode_token
    payload = jwt.decode(token, key=APP_KEY, algorithms=ALGORITHM)
  File "/home/john-p-singbah/Documents/blog_api/.blog/lib/python3.14/site-packages/jose/jwt.py", line 174, in decode
    _validate_claims(
    ~~~~~~~~~~~~~~~~^
        claims,
        ^^^^^^^
    ...<5 lines>...
        options=defaults,
        ^^^^^^^^^^^^^^^^^
    )
    ^
  File "/home/john-p-singbah/Documents/blog_api/.blog/lib/python3.14/site-packages/jose/jwt.py", line 497, in _validate_claims
    _validate_exp(claims, leeway=leeway)
    ~~~~~~~~~~~~~^^^^^^^^^^^^^^^^^^^^^^^
  File "/home/john-p-singbah/Documents/blog_api/.blog/lib/python3.14/site-packages/jose/jwt.py", line 331, in _validate_exp
    raise ExpiredSignatureError("Signature has expired.")
jose.exceptions.ExpiredSignatureError: Signature has expired.
2026-07-28 01:58:22,795 | ERROR | error occur
Traceback (most recent call last):
  File "/home/john-p-singbah/Documents/blog_api/config/__init__.py", line 60, in decode_token
    payload = jwt.decode(token, key=APP_KEY, algorithms=ALGORITHM)
  File "/home/john-p-singbah/Documents/blog_api/.blog/lib/python3.14/site-packages/jose/jwt.py", line 174, in decode
    _validate_claims(
    ~~~~~~~~~~~~~~~~^
        claims,
        ^^^^^^^
    ...<5 lines>...
        options=defaults,
        ^^^^^^^^^^^^^^^^^
    )
    ^
  File "/home/john-p-singbah/Documents/blog_api/.blog/lib/python3.14/site-packages/jose/jwt.py", line 497, in _validate_claims
    _validate_exp(claims, leeway=leeway)
    ~~~~~~~~~~~~~^^^^^^^^^^^^^^^^^^^^^^^
  File "/home/john-p-singbah/Documents/blog_api/.blog/lib/python3.14/site-packages/jose/jwt.py", line 331, in _validate_exp
    raise ExpiredSignatureError("Signature has expired.")
jose.exceptions.ExpiredSignatureError: Signature has expired.

During handling of the above exception, another exception occurred:

Traceback (most recent call last):
  File "/home/john-p-singbah/Documents/blog_api/src/routers/users/user.py", line 162, in get_user
    payload = decode_token(token)
  File "/home/john-p-singbah/Documents/blog_api/config/__init__.py", line 64, in decode_token
    raise HTTPException(
    ...<2 lines>...
    )
fastapi.exceptions.HTTPException: 401: Token has expired
2026-07-28 01:58:47,904 | ERROR | Token has expired
Traceback (most recent call last):
  File "/home/john-p-singbah/Documents/blog_api/config/__init__.py", line 60, in decode_token
    payload = jwt.decode(token, key=APP_KEY, algorithms=ALGORITHM)
  File "/home/john-p-singbah/Documents/blog_api/.blog/lib/python3.14/site-packages/jose/jwt.py", line 174, in decode
    _validate_claims(
    ~~~~~~~~~~~~~~~~^
        claims,
        ^^^^^^^
    ...<5 lines>...
        options=defaults,
        ^^^^^^^^^^^^^^^^^
    )
    ^
  File "/home/john-p-singbah/Documents/blog_api/.blog/lib/python3.14/site-packages/jose/jwt.py", line 497, in _validate_claims
    _validate_exp(claims, leeway=leeway)
    ~~~~~~~~~~~~~^^^^^^^^^^^^^^^^^^^^^^^
  File "/home/john-p-singbah/Documents/blog_api/.blog/lib/python3.14/site-packages/jose/jwt.py", line 331, in _validate_exp
    raise ExpiredSignatureError("Signature has expired.")
jose.exceptions.ExpiredSignatureError: Signature has expired.
2026-07-28 01:58:47,907 | ERROR | error occur
Traceback (most recent call last):
  File "/home/john-p-singbah/Documents/blog_api/config/__init__.py", line 60, in decode_token
    payload = jwt.decode(token, key=APP_KEY, algorithms=ALGORITHM)
  File "/home/john-p-singbah/Documents/blog_api/.blog/lib/python3.14/site-packages/jose/jwt.py", line 174, in decode
    _validate_claims(
    ~~~~~~~~~~~~~~~~^
        claims,
        ^^^^^^^
    ...<5 lines>...
        options=defaults,
        ^^^^^^^^^^^^^^^^^
    )
    ^
  File "/home/john-p-singbah/Documents/blog_api/.blog/lib/python3.14/site-packages/jose/jwt.py", line 497, in _validate_claims
    _validate_exp(claims, leeway=leeway)
    ~~~~~~~~~~~~~^^^^^^^^^^^^^^^^^^^^^^^
  File "/home/john-p-singbah/Documents/blog_api/.blog/lib/python3.14/site-packages/jose/jwt.py", line 331, in _validate_exp
    raise ExpiredSignatureError("Signature has expired.")
jose.exceptions.ExpiredSignatureError: Signature has expired.

During handling of the above exception, another exception occurred:

Traceback (most recent call last):
  File "/home/john-p-singbah/Documents/blog_api/src/routers/users/user.py", line 162, in get_user
    payload = decode_token(token)
  File "/home/john-p-singbah/Documents/blog_api/config/__init__.py", line 64, in decode_token
    raise HTTPException(
    ...<2 lines>...
    )
fastapi.exceptions.HTTPException: 401: Token has expired
2026-07-28 01:58:47,917 | ERROR | Token has expired
Traceback (most recent call last):
  File "/home/john-p-singbah/Documents/blog_api/config/__init__.py", line 60, in decode_token
    payload = jwt.decode(token, key=APP_KEY, algorithms=ALGORITHM)
  File "/home/john-p-singbah/Documents/blog_api/.blog/lib/python3.14/site-packages/jose/jwt.py", line 174, in decode
    _validate_claims(
    ~~~~~~~~~~~~~~~~^
        claims,
        ^^^^^^^
    ...<5 lines>...
        options=defaults,
        ^^^^^^^^^^^^^^^^^
    )
    ^
  File "/home/john-p-singbah/Documents/blog_api/.blog/lib/python3.14/site-packages/jose/jwt.py", line 497, in _validate_claims
    _validate_exp(claims, leeway=leeway)
    ~~~~~~~~~~~~~^^^^^^^^^^^^^^^^^^^^^^^
  File "/home/john-p-singbah/Documents/blog_api/.blog/lib/python3.14/site-packages/jose/jwt.py", line 331, in _validate_exp
    raise ExpiredSignatureError("Signature has expired.")
jose.exceptions.ExpiredSignatureError: Signature has expired.
2026-07-28 01:58:47,919 | ERROR | error occur
Traceback (most recent call last):
  File "/home/john-p-singbah/Documents/blog_api/config/__init__.py", line 60, in decode_token
    payload = jwt.decode(token, key=APP_KEY, algorithms=ALGORITHM)
  File "/home/john-p-singbah/Documents/blog_api/.blog/lib/python3.14/site-packages/jose/jwt.py", line 174, in decode
    _validate_claims(
    ~~~~~~~~~~~~~~~~^
        claims,
        ^^^^^^^
    ...<5 lines>...
        options=defaults,
        ^^^^^^^^^^^^^^^^^
    )
    ^
  File "/home/john-p-singbah/Documents/blog_api/.blog/lib/python3.14/site-packages/jose/jwt.py", line 497, in _validate_claims
    _validate_exp(claims, leeway=leeway)
    ~~~~~~~~~~~~~^^^^^^^^^^^^^^^^^^^^^^^
  File "/home/john-p-singbah/Documents/blog_api/.blog/lib/python3.14/site-packages/jose/jwt.py", line 331, in _validate_exp
    raise ExpiredSignatureError("Signature has expired.")
jose.exceptions.ExpiredSignatureError: Signature has expired.

During handling of the above exception, another exception occurred:

Traceback (most recent call last):
  File "/home/john-p-singbah/Documents/blog_api/src/routers/users/user.py", line 162, in get_user
    payload = decode_token(token)
  File "/home/john-p-singbah/Documents/blog_api/config/__init__.py", line 64, in decode_token
    raise HTTPException(
    ...<2 lines>...
    )
fastapi.exceptions.HTTPException: 401: Token has expired
2026-07-28 01:58:57,394 | ERROR | Token has expired
Traceback (most recent call last):
  File "/home/john-p-singbah/Documents/blog_api/config/__init__.py", line 60, in decode_token
    payload = jwt.decode(token, key=APP_KEY, algorithms=ALGORITHM)
  File "/home/john-p-singbah/Documents/blog_api/.blog/lib/python3.14/site-packages/jose/jwt.py", line 174, in decode
    _validate_claims(
    ~~~~~~~~~~~~~~~~^
        claims,
        ^^^^^^^
    ...<5 lines>...
        options=defaults,
        ^^^^^^^^^^^^^^^^^
    )
    ^
  File "/home/john-p-singbah/Documents/blog_api/.blog/lib/python3.14/site-packages/jose/jwt.py", line 497, in _validate_claims
    _validate_exp(claims, leeway=leeway)
    ~~~~~~~~~~~~~^^^^^^^^^^^^^^^^^^^^^^^
  File "/home/john-p-singbah/Documents/blog_api/.blog/lib/python3.14/site-packages/jose/jwt.py", line 331, in _validate_exp
    raise ExpiredSignatureError("Signature has expired.")
jose.exceptions.ExpiredSignatureError: Signature has expired.
2026-07-28 01:58:57,399 | ERROR | error occur
Traceback (most recent call last):
  File "/home/john-p-singbah/Documents/blog_api/config/__init__.py", line 60, in decode_token
    payload = jwt.decode(token, key=APP_KEY, algorithms=ALGORITHM)
  File "/home/john-p-singbah/Documents/blog_api/.blog/lib/python3.14/site-packages/jose/jwt.py", line 174, in decode
    _validate_claims(
    ~~~~~~~~~~~~~~~~^
        claims,
        ^^^^^^^
    ...<5 lines>...
        options=defaults,
        ^^^^^^^^^^^^^^^^^
    )
    ^
  File "/home/john-p-singbah/Documents/blog_api/.blog/lib/python3.14/site-packages/jose/jwt.py", line 497, in _validate_claims
    _validate_exp(claims, leeway=leeway)
    ~~~~~~~~~~~~~^^^^^^^^^^^^^^^^^^^^^^^
  File "/home/john-p-singbah/Documents/blog_api/.blog/lib/python3.14/site-packages/jose/jwt.py", line 331, in _validate_exp
    raise ExpiredSignatureError("Signature has expired.")
jose.exceptions.ExpiredSignatureError: Signature has expired.

During handling of the above exception, another exception occurred:

Traceback (most recent call last):
  File "/home/john-p-singbah/Documents/blog_api/src/routers/users/user.py", line 162, in get_user
    payload = decode_token(token)
  File "/home/john-p-singbah/Documents/blog_api/config/__init__.py", line 64, in decode_token
    raise HTTPException(
    ...<2 lines>...
    )
fastapi.exceptions.HTTPException: 401: Token has expired
2026-07-28 01:58:57,438 | ERROR | Token has expired
Traceback (most recent call last):
  File "/home/john-p-singbah/Documents/blog_api/config/__init__.py", line 60, in decode_token
    payload = jwt.decode(token, key=APP_KEY, algorithms=ALGORITHM)
  File "/home/john-p-singbah/Documents/blog_api/.blog/lib/python3.14/site-packages/jose/jwt.py", line 174, in decode
    _validate_claims(
    ~~~~~~~~~~~~~~~~^
        claims,
        ^^^^^^^
    ...<5 lines>...
        options=defaults,
        ^^^^^^^^^^^^^^^^^
    )
    ^
  File "/home/john-p-singbah/Documents/blog_api/.blog/lib/python3.14/site-packages/jose/jwt.py", line 497, in _validate_claims
    _validate_exp(claims, leeway=leeway)
    ~~~~~~~~~~~~~^^^^^^^^^^^^^^^^^^^^^^^
  File "/home/john-p-singbah/Documents/blog_api/.blog/lib/python3.14/site-packages/jose/jwt.py", line 331, in _validate_exp
    raise ExpiredSignatureError("Signature has expired.")
jose.exceptions.ExpiredSignatureError: Signature has expired.
2026-07-28 01:58:57,450 | ERROR | error occur
Traceback (most recent call last):
  File "/home/john-p-singbah/Documents/blog_api/config/__init__.py", line 60, in decode_token
    payload = jwt.decode(token, key=APP_KEY, algorithms=ALGORITHM)
  File "/home/john-p-singbah/Documents/blog_api/.blog/lib/python3.14/site-packages/jose/jwt.py", line 174, in decode
    _validate_claims(
    ~~~~~~~~~~~~~~~~^
        claims,
        ^^^^^^^
    ...<5 lines>...
        options=defaults,
        ^^^^^^^^^^^^^^^^^
    )
    ^
  File "/home/john-p-singbah/Documents/blog_api/.blog/lib/python3.14/site-packages/jose/jwt.py", line 497, in _validate_claims
    _validate_exp(claims, leeway=leeway)
    ~~~~~~~~~~~~~^^^^^^^^^^^^^^^^^^^^^^^
  File "/home/john-p-singbah/Documents/blog_api/.blog/lib/python3.14/site-packages/jose/jwt.py", line 331, in _validate_exp
    raise ExpiredSignatureError("Signature has expired.")
jose.exceptions.ExpiredSignatureError: Signature has expired.

During handling of the above exception, another exception occurred:

Traceback (most recent call last):
  File "/home/john-p-singbah/Documents/blog_api/src/routers/users/user.py", line 162, in get_user
    payload = decode_token(token)
  File "/home/john-p-singbah/Documents/blog_api/config/__init__.py", line 64, in decode_token
    raise HTTPException(
    ...<2 lines>...
    )
fastapi.exceptions.HTTPException: 401: Token has expired
2026-07-28 01:59:10,374 | ERROR | Token has expired
Traceback (most recent call last):
  File "/home/john-p-singbah/Documents/blog_api/config/__init__.py", line 60, in decode_token
    payload = jwt.decode(token, key=APP_KEY, algorithms=ALGORITHM)
  File "/home/john-p-singbah/Documents/blog_api/.blog/lib/python3.14/site-packages/jose/jwt.py", line 174, in decode
    _validate_claims(
    ~~~~~~~~~~~~~~~~^
        claims,
        ^^^^^^^
    ...<5 lines>...
        options=defaults,
        ^^^^^^^^^^^^^^^^^
    )
    ^
  File "/home/john-p-singbah/Documents/blog_api/.blog/lib/python3.14/site-packages/jose/jwt.py", line 497, in _validate_claims
    _validate_exp(claims, leeway=leeway)
    ~~~~~~~~~~~~~^^^^^^^^^^^^^^^^^^^^^^^
  File "/home/john-p-singbah/Documents/blog_api/.blog/lib/python3.14/site-packages/jose/jwt.py", line 331, in _validate_exp
    raise ExpiredSignatureError("Signature has expired.")
jose.exceptions.ExpiredSignatureError: Signature has expired.
2026-07-28 01:59:10,382 | ERROR | error occur
Traceback (most recent call last):
  File "/home/john-p-singbah/Documents/blog_api/config/__init__.py", line 60, in decode_token
    payload = jwt.decode(token, key=APP_KEY, algorithms=ALGORITHM)
  File "/home/john-p-singbah/Documents/blog_api/.blog/lib/python3.14/site-packages/jose/jwt.py", line 174, in decode
    _validate_claims(
    ~~~~~~~~~~~~~~~~^
        claims,
        ^^^^^^^
    ...<5 lines>...
        options=defaults,
        ^^^^^^^^^^^^^^^^^
    )
    ^
  File "/home/john-p-singbah/Documents/blog_api/.blog/lib/python3.14/site-packages/jose/jwt.py", line 497, in _validate_claims
    _validate_exp(claims, leeway=leeway)
    ~~~~~~~~~~~~~^^^^^^^^^^^^^^^^^^^^^^^
  File "/home/john-p-singbah/Documents/blog_api/.blog/lib/python3.14/site-packages/jose/jwt.py", line 331, in _validate_exp
    raise ExpiredSignatureError("Signature has expired.")
jose.exceptions.ExpiredSignatureError: Signature has expired.

During handling of the above exception, another exception occurred:

Traceback (most recent call last):
  File "/home/john-p-singbah/Documents/blog_api/src/routers/users/user.py", line 162, in get_user
    payload = decode_token(token)
  File "/home/john-p-singbah/Documents/blog_api/config/__init__.py", line 64, in decode_token
    raise HTTPException(
    ...<2 lines>...
    )
fastapi.exceptions.HTTPException: 401: Token has expired
2026-07-28 01:59:10,397 | ERROR | Token has expired
Traceback (most recent call last):
  File "/home/john-p-singbah/Documents/blog_api/config/__init__.py", line 60, in decode_token
    payload = jwt.decode(token, key=APP_KEY, algorithms=ALGORITHM)
  File "/home/john-p-singbah/Documents/blog_api/.blog/lib/python3.14/site-packages/jose/jwt.py", line 174, in decode
    _validate_claims(
    ~~~~~~~~~~~~~~~~^
        claims,
        ^^^^^^^
    ...<5 lines>...
        options=defaults,
        ^^^^^^^^^^^^^^^^^
    )
    ^
  File "/home/john-p-singbah/Documents/blog_api/.blog/lib/python3.14/site-packages/jose/jwt.py", line 497, in _validate_claims
    _validate_exp(claims, leeway=leeway)
    ~~~~~~~~~~~~~^^^^^^^^^^^^^^^^^^^^^^^
  File "/home/john-p-singbah/Documents/blog_api/.blog/lib/python3.14/site-packages/jose/jwt.py", line 331, in _validate_exp
    raise ExpiredSignatureError("Signature has expired.")
jose.exceptions.ExpiredSignatureError: Signature has expired.
2026-07-28 01:59:10,403 | ERROR | error occur
Traceback (most recent call last):
  File "/home/john-p-singbah/Documents/blog_api/config/__init__.py", line 60, in decode_token
    payload = jwt.decode(token, key=APP_KEY, algorithms=ALGORITHM)
  File "/home/john-p-singbah/Documents/blog_api/.blog/lib/python3.14/site-packages/jose/jwt.py", line 174, in decode
    _validate_claims(
    ~~~~~~~~~~~~~~~~^
        claims,
        ^^^^^^^
    ...<5 lines>...
        options=defaults,
        ^^^^^^^^^^^^^^^^^
    )
    ^
  File "/home/john-p-singbah/Documents/blog_api/.blog/lib/python3.14/site-packages/jose/jwt.py", line 497, in _validate_claims
    _validate_exp(claims, leeway=leeway)
    ~~~~~~~~~~~~~^^^^^^^^^^^^^^^^^^^^^^^
  File "/home/john-p-singbah/Documents/blog_api/.blog/lib/python3.14/site-packages/jose/jwt.py", line 331, in _validate_exp
    raise ExpiredSignatureError("Signature has expired.")
jose.exceptions.ExpiredSignatureError: Signature has expired.

During handling of the above exception, another exception occurred:

Traceback (most recent call last):
  File "/home/john-p-singbah/Documents/blog_api/src/routers/users/user.py", line 162, in get_user
    payload = decode_token(token)
  File "/home/john-p-singbah/Documents/blog_api/config/__init__.py", line 64, in decode_token
    raise HTTPException(
    ...<2 lines>...
    )
fastapi.exceptions.HTTPException: 401: Token has expired
2026-07-28 02:00:01,294 | INFO | vonder singbahjohn@gmail.com logged in from 127.0.0.1
